nohup: ignoring input
2026-01-21 10:21:37,533 - FractalNexus - INFO - ❄️ Fractal Nexus Mission Initialized. Duration: 15H
2026-01-21 10:21:37,533 - FractalNexus - INFO -    Target End: 2026-01-22 01:21:37
2026-01-21 10:21:37,534 - FractalNexus - INFO - Initializing Mission Infrastructure...
2026-01-21 10:21:37,626 - cohezion.db.surreal_client - INFO - Connected to SurrealDB at ws://localhost:8000/rpc
2026-01-21 10:21:37,650 - cohezion.db.surreal_client - INFO - Schema created successfully
2026-01-21 10:21:37,650 - FractalNexus - INFO - ✓ SurrealDB Connected
2026-01-21 10:21:37,653 - FractalNexus - INFO - Mission Started. Scaling dynamics enabled.
2026-01-21 10:21:37,654 - cohezion.reliability.monitor - INFO - 🛡️ ResourceMonitor initialized with max_concurrency=4
2026-01-21 10:21:38,745 - FractalNexus - INFO - Iteration 1: Simulating 1,000,000 rounds...
2026-01-21 10:21:40,102 - cohezion.db.surreal_client - INFO - Connected to SurrealDB at ws://localhost:8000/rpc
2026-01-21 10:21:51,161 - FractalNexus - INFO - Iteration 2: Simulating 1,000,000 rounds...
2026-01-21 10:21:52,325 - cohezion.db.surreal_client - INFO - Connected to SurrealDB at ws://localhost:8000/rpc
2026-01-21 10:22:03,358 - FractalNexus - INFO - 🚀 High inference headroom. Scaling UP dynamics: 1,500,000 rounds
2026-01-21 10:22:03,358 - FractalNexus - INFO - Iteration 3: Simulating 1,500,000 rounds...
2026-01-21 10:22:03,779 - cohezion.db.surreal_client - INFO - Connected to SurrealDB at ws://localhost:8000/rpc
2026-01-21 10:22:14,805 - FractalNexus - INFO - 🚀 High inference headroom. Scaling UP dynamics: 2,250,000 rounds
2026-01-21 10:22:14,805 - FractalNexus - INFO - Iteration 4: Simulating 2,250,000 rounds...
2026-01-21 10:22:15,253 - cohezion.db.surreal_client - INFO - Connected to SurrealDB at ws://localhost:8000/rpc
2026-01-21 10:22:26,317 - FractalNexus - INFO - 🚀 High inference headroom. Scaling UP dynamics: 3,375,000 rounds
2026-01-21 10:22:26,317 - FractalNexus - INFO - Iteration 5: Simulating 3,375,000 rounds...
2026-01-21 10:22:30,285 - cohezion.db.surreal_client - INFO - Connected to SurrealDB at ws://localhost:8000/rpc
2026-01-21 10:22:41,328 - FractalNexus - INFO - 🚀 High inference headroom. Scaling UP dynamics: 5,062,500 rounds
2026-01-21 10:22:41,329 - FractalNexus - INFO - Iteration 6: Simulating 5,062,500 rounds...
2026-01-21 10:22:43,589 - cohezion.db.surreal_client - INFO - Connected to SurrealDB at ws://localhost:8000/rpc
2026-01-21 10:22:54,625 - FractalNexus - INFO - Iteration 7: Simulating 5,062,500 rounds...
2026-01-21 10:22:55,824 - cohezion.db.surreal_client - INFO - Connected to SurrealDB at ws://localhost:8000/rpc
2026-01-21 10:23:06,883 - FractalNexus - INFO - Iteration 8: Simulating 5,062,500 rounds...
2026-01-21 10:23:09,363 - cohezion.db.surreal_client - INFO - Connected to SurrealDB at ws://localhost:8000/rpc
2026-01-21 10:23:20,424 - FractalNexus - INFO - Iteration 9: Simulating 5,062,500 rounds...
2026-01-21 10:23:23,349 - cohezion.db.surreal_client - INFO - Connected to SurrealDB at ws://localhost:8000/rpc
2026-01-21 10:23:34,443 - FractalNexus - INFO - Iteration 10: Simulating 5,062,500 rounds...
2026-01-21 10:23:36,825 - cohezion.db.surreal_client - INFO - Connected to SurrealDB at ws://localhost:8000/rpc
2026-01-21 10:23:47,887 - FractalNexus - INFO - Iteration 11: Simulating 5,062,500 rounds...
2026-01-21 10:23:50,278 - cohezion.db.surreal_client - INFO - Connected to SurrealDB at ws://localhost:8000/rpc
2026-01-21 10:24:01,331 - FractalNexus - INFO - Iteration 12: Simulating 5,062,500 rounds...
2026-01-21 10:24:03,309 - cohezion.db.surreal_client - INFO - Connected to SurrealDB at ws://localhost:8000/rpc
2026-01-21 10:24:14,415 - FractalNexus - INFO - Iteration 13: Simulating 5,062,500 rounds...
2026-01-21 10:24:16,248 - cohezion.db.surreal_client - INFO - Connected to SurrealDB at ws://localhost:8000/rpc
2026-01-21 10:24:27,325 - FractalNexus - INFO - Iteration 14: Simulating 5,062,500 rounds...
2026-01-21 10:24:30,256 - cohezion.db.surreal_client - INFO - Connected to SurrealDB at ws://localhost:8000/rpc
2026-01-21 10:24:41,331 - FractalNexus - INFO - Iteration 15: Simulating 5,062,500 rounds...
2026-01-21 10:24:45,360 - cohezion.db.surreal_client - INFO - Connected to SurrealDB at ws://localhost:8000/rpc
2026-01-21 10:24:56,437 - FractalNexus - INFO - Iteration 16: Simulating 5,062,500 rounds...
2026-01-21 10:24:59,223 - cohezion.db.surreal_client - INFO - Connected to SurrealDB at ws://localhost:8000/rpc
2026-01-21 10:25:10,292 - FractalNexus - INFO - Iteration 17: Simulating 5,062,500 rounds...
2026-01-21 10:25:14,113 - cohezion.db.surreal_client - INFO - Connected to SurrealDB at ws://localhost:8000/rpc
2026-01-21 10:25:25,196 - FractalNexus - INFO - 🚀 High inference headroom. Scaling UP dynamics: 7,593,750 rounds
2026-01-21 10:25:25,197 - FractalNexus - INFO - Iteration 18: Simulating 7,593,750 rounds...
2026-01-21 10:25:28,302 - cohezion.db.surreal_client - INFO - Connected to SurrealDB at ws://localhost:8000/rpc
2026-01-21 10:25:39,426 - FractalNexus - INFO - Iteration 19: Simulating 7,593,750 rounds...
2026-01-21 10:25:44,291 - cohezion.db.surreal_client - INFO - Connected to SurrealDB at ws://localhost:8000/rpc
2026-01-21 10:25:55,382 - FractalNexus - INFO - Iteration 20: Simulating 7,593,750 rounds...
2026-01-21 10:26:00,488 - cohezion.db.surreal_client - INFO - Connected to SurrealDB at ws://localhost:8000/rpc
2026-01-21 10:26:11,586 - FractalNexus - INFO - 🚀 High inference headroom. Scaling UP dynamics: 10,000,000 rounds
2026-01-21 10:26:11,587 - FractalNexus - INFO - Iteration 21: Simulating 10,000,000 rounds...
2026-01-21 10:26:24,248 - cohezion.db.surreal_client - INFO - Connected to SurrealDB at ws://localhost:8000/rpc
2026-01-21 10:26:35,360 - FractalNexus - INFO - Iteration 22: Simulating 10,000,000 rounds...
2026-01-21 10:26:42,652 - cohezion.db.surreal_client - INFO - Connected to SurrealDB at ws://localhost:8000/rpc
2026-01-21 10:26:53,695 - FractalNexus - INFO - Iteration 23: Simulating 10,000,000 rounds...
2026-01-21 10:26:55,377 - cohezion.db.surreal_client - INFO - Connected to SurrealDB at ws://localhost:8000/rpc
2026-01-21 10:27:06,439 - FractalNexus - INFO - Iteration 24: Simulating 10,000,000 rounds...
2026-01-21 10:27:13,240 - cohezion.db.surreal_client - INFO - Connected to SurrealDB at ws://localhost:8000/rpc
2026-01-21 10:27:24,268 - FractalNexus - INFO - Iteration 25: Simulating 10,000,000 rounds...
2026-01-21 10:27:28,284 - cohezion.db.surreal_client - INFO - Connected to SurrealDB at ws://localhost:8000/rpc
2026-01-21 10:27:39,309 - FractalNexus - INFO - Iteration 26: Simulating 10,000,000 rounds...
2026-01-21 10:27:43,968 - cohezion.db.surreal_client - INFO - Connected to SurrealDB at ws://localhost:8000/rpc
2026-01-21 10:27:55,044 - FractalNexus - INFO - Iteration 27: Simulating 10,000,000 rounds...
2026-01-21 10:28:05,263 - cohezion.db.surreal_client - INFO - Connected to SurrealDB at ws://localhost:8000/rpc
2026-01-21 10:28:16,313 - FractalNexus - INFO - Iteration 28: Simulating 10,000,000 rounds...
2026-01-21 10:28:20,708 - cohezion.db.surreal_client - INFO - Connected to SurrealDB at ws://localhost:8000/rpc
2026-01-21 10:28:31,857 - FractalNexus - INFO - Iteration 29: Simulating 10,000,000 rounds...
2026-01-21 10:28:40,306 - cohezion.db.surreal_client - INFO - Connected to SurrealDB at ws://localhost:8000/rpc
2026-01-21 10:28:51,343 - FractalNexus - INFO - Iteration 30: Simulating 10,000,000 rounds...
2026-01-21 10:28:56,462 - cohezion.db.surreal_client - INFO - Connected to SurrealDB at ws://localhost:8000/rpc
2026-01-21 10:29:07,498 - FractalNexus - INFO - Iteration 31: Simulating 10,000,000 rounds...
2026-01-21 10:29:20,164 - cohezion.db.surreal_client - INFO - Connected to SurrealDB at ws://localhost:8000/rpc
2026-01-21 10:29:31,222 - FractalNexus - INFO - Iteration 32: Simulating 10,000,000 rounds...
2026-01-21 10:29:34,440 - cohezion.db.surreal_client - INFO - Connected to SurrealDB at ws://localhost:8000/rpc
2026-01-21 10:29:45,520 - FractalNexus - INFO - Iteration 33: Simulating 10,000,000 rounds...
2026-01-21 10:29:52,429 - cohezion.db.surreal_client - INFO - Connected to SurrealDB at ws://localhost:8000/rpc
2026-01-21 10:30:03,480 - FractalNexus - INFO - Iteration 34: Simulating 10,000,000 rounds...
2026-01-21 10:30:07,257 - cohezion.db.surreal_client - INFO - Connected to SurrealDB at ws://localhost:8000/rpc
2026-01-21 10:30:18,348 - FractalNexus - INFO - Iteration 35: Simulating 10,000,000 rounds...
2026-01-21 10:30:24,907 - cohezion.db.surreal_client - INFO - Connected to SurrealDB at ws://localhost:8000/rpc
2026-01-21 10:30:35,953 - FractalNexus - INFO - Iteration 36: Simulating 10,000,000 rounds...
2026-01-21 10:30:39,903 - cohezion.db.surreal_client - INFO - Connected to SurrealDB at ws://localhost:8000/rpc
2026-01-21 10:30:50,992 - FractalNexus - INFO - Iteration 37: Simulating 10,000,000 rounds...
2026-01-21 10:30:55,184 - cohezion.db.surreal_client - INFO - Connected to SurrealDB at ws://localhost:8000/rpc
2026-01-21 10:31:06,266 - FractalNexus - INFO - Iteration 38: Simulating 10,000,000 rounds...
2026-01-21 10:31:11,129 - cohezion.db.surreal_client - INFO - Connected to SurrealDB at ws://localhost:8000/rpc
2026-01-21 10:31:22,210 - FractalNexus - INFO - Iteration 39: Simulating 10,000,000 rounds...
2026-01-21 10:31:26,222 - cohezion.db.surreal_client - INFO - Connected to SurrealDB at ws://localhost:8000/rpc
2026-01-21 10:31:37,342 - FractalNexus - INFO - Iteration 40: Simulating 10,000,000 rounds...
2026-01-21 10:31:50,107 - cohezion.db.surreal_client - INFO - Connected to SurrealDB at ws://localhost:8000/rpc
2026-01-21 10:32:01,132 - FractalNexus - INFO - Iteration 41: Simulating 10,000,000 rounds...
2026-01-21 10:32:05,668 - cohezion.db.surreal_client - INFO - Connected to SurrealDB at ws://localhost:8000/rpc
2026-01-21 10:32:16,703 - FractalNexus - INFO - Iteration 42: Simulating 10,000,000 rounds...
2026-01-21 10:32:19,776 - cohezion.db.surreal_client - INFO - Connected to SurrealDB at ws://localhost:8000/rpc
2026-01-21 10:32:30,801 - FractalNexus - INFO - Iteration 43: Simulating 10,000,000 rounds...
2026-01-21 10:32:34,342 - cohezion.db.surreal_client - INFO - Connected to SurrealDB at ws://localhost:8000/rpc
2026-01-21 10:32:45,370 - FractalNexus - INFO - Iteration 44: Simulating 10,000,000 rounds...
2026-01-21 10:32:48,301 - cohezion.db.surreal_client - INFO - Connected to SurrealDB at ws://localhost:8000/rpc
2026-01-21 10:32:59,330 - FractalNexus - INFO - Iteration 45: Simulating 10,000,000 rounds...
2026-01-21 10:33:04,074 - cohezion.db.surreal_client - INFO - Connected to SurrealDB at ws://localhost:8000/rpc
2026-01-21 10:33:15,099 - FractalNexus - INFO - Iteration 46: Simulating 10,000,000 rounds...
2026-01-21 10:33:16,066 - cohezion.db.surreal_client - INFO - Connected to SurrealDB at ws://localhost:8000/rpc
2026-01-21 10:33:27,099 - FractalNexus - INFO - Iteration 47: Simulating 10,000,000 rounds...
2026-01-21 10:33:27,980 - cohezion.db.surreal_client - INFO - Connected to SurrealDB at ws://localhost:8000/rpc
2026-01-21 10:33:39,004 - FractalNexus - INFO - Iteration 48: Simulating 10,000,000 rounds...
2026-01-21 10:33:39,882 - cohezion.db.surreal_client - INFO - Connected to SurrealDB at ws://localhost:8000/rpc
2026-01-21 10:33:50,910 - FractalNexus - INFO - Iteration 49: Simulating 10,000,000 rounds...
2026-01-21 10:33:51,788 - cohezion.db.surreal_client - INFO - Connected to SurrealDB at ws://localhost:8000/rpc
2026-01-21 10:34:02,823 - FractalNexus - INFO - Iteration 50: Simulating 10,000,000 rounds...
2026-01-21 10:34:04,732 - cohezion.db.surreal_client - INFO - Connected to SurrealDB at ws://localhost:8000/rpc
2026-01-21 10:34:15,760 - FractalNexus - INFO - Iteration 51: Simulating 10,000,000 rounds...
2026-01-21 10:34:16,643 - cohezion.db.surreal_client - INFO - Connected to SurrealDB at ws://localhost:8000/rpc
2026-01-21 10:34:27,674 - FractalNexus - INFO - Iteration 52: Simulating 10,000,000 rounds...
2026-01-21 10:34:28,554 - cohezion.db.surreal_client - INFO - Connected to SurrealDB at ws://localhost:8000/rpc
2026-01-21 10:34:39,581 - FractalNexus - INFO - Iteration 53: Simulating 10,000,000 rounds...
2026-01-21 10:34:40,451 - cohezion.db.surreal_client - INFO - Connected to SurrealDB at ws://localhost:8000/rpc
2026-01-21 10:34:51,479 - FractalNexus - INFO - Iteration 54: Simulating 10,000,000 rounds...
2026-01-21 10:34:52,370 - cohezion.db.surreal_client - INFO - Connected to SurrealDB at ws://localhost:8000/rpc
2026-01-21 10:35:03,400 - FractalNexus - INFO - Iteration 55: Simulating 10,000,000 rounds...
2026-01-21 10:35:05,317 - cohezion.db.surreal_client - INFO - Connected to SurrealDB at ws://localhost:8000/rpc
2026-01-21 10:35:16,369 - FractalNexus - INFO - Iteration 56: Simulating 10,000,000 rounds...
🚀 Starting mass simulation of 1,000,000 HIHO states...
✅ Simulation complete in 1.33 seconds.
📊 Identified 4,055 Stability Bright Spots.
🚀 Starting mass simulation of 1,000,000 HIHO states...
✅ Simulation complete in 1.13 seconds.
📊 Identified 3,902 Stability Bright Spots.
🚀 Starting mass simulation of 1,500,000 HIHO states...
✅ Simulation complete in 0.40 seconds.
📊 Identified 6,047 Stability Bright Spots.
🚀 Starting mass simulation of 2,250,000 HIHO states...
✅ Simulation complete in 0.42 seconds.
📊 Identified 8,870 Stability Bright Spots.
🚀 Starting mass simulation of 3,375,000 HIHO states...
✅ Simulation complete in 2.84 seconds.
📊 Identified 13,476 Stability Bright Spots.
🚀 Starting mass simulation of 5,062,500 HIHO states...
✅ Simulation complete in 2.23 seconds.
📊 Identified 20,025 Stability Bright Spots.
🚀 Starting mass simulation of 5,062,500 HIHO states...
✅ Simulation complete in 1.14 seconds.
📊 Identified 20,016 Stability Bright Spots.
🚀 Starting mass simulation of 5,062,500 HIHO states...
✅ Simulation complete in 2.42 seconds.
📊 Identified 19,812 Stability Bright Spots.
🚀 Starting mass simulation of 5,062,500 HIHO states...
✅ Simulation complete in 2.86 seconds.
📊 Identified 20,254 Stability Bright Spots.
🚀 Starting mass simulation of 5,062,500 HIHO states...
✅ Simulation complete in 1.29 seconds.
📊 Identified 19,920 Stability Bright Spots.
🚀 Starting mass simulation of 5,062,500 HIHO states...
✅ Simulation complete in 2.31 seconds.
📊 Identified 20,101 Stability Bright Spots.
🚀 Starting mass simulation of 5,062,500 HIHO states...
✅ Simulation complete in 1.91 seconds.
📊 Identified 20,141 Stability Bright Spots.
🚀 Starting mass simulation of 5,062,500 HIHO states...
✅ Simulation complete in 1.76 seconds.
📊 Identified 20,120 Stability Bright Spots.
🚀 Starting mass simulation of 5,062,500 HIHO states...
✅ Simulation complete in 2.87 seconds.
📊 Identified 20,081 Stability Bright Spots.
🚀 Starting mass simulation of 5,062,500 HIHO states...
✅ Simulation complete in 2.93 seconds.
📊 Identified 20,303 Stability Bright Spots.
🚀 Starting mass simulation of 5,062,500 HIHO states...
✅ Simulation complete in 2.71 seconds.
📊 Identified 20,095 Stability Bright Spots.
🚀 Starting mass simulation of 5,062,500 HIHO states...
✅ Simulation complete in 3.75 seconds.
📊 Identified 19,975 Stability Bright Spots.
🚀 Starting mass simulation of 7,593,750 HIHO states...
✅ Simulation complete in 3.01 seconds.
📊 Identified 30,064 Stability Bright Spots.
🚀 Starting mass simulation of 7,593,750 HIHO states...
✅ Simulation complete in 4.78 seconds.
📊 Identified 29,846 Stability Bright Spots.
🚀 Starting mass simulation of 7,593,750 HIHO states...
✅ Simulation complete in 3.97 seconds.
📊 Identified 30,196 Stability Bright Spots.
🚀 Starting mass simulation of 10,000,000 HIHO states...
✅ Simulation complete in 12.55 seconds.
📊 Identified 39,542 Stability Bright Spots.
🚀 Starting mass simulation of 10,000,000 HIHO states...
✅ Simulation complete in 7.17 seconds.
📊 Identified 39,565 Stability Bright Spots.
🚀 Starting mass simulation of 10,000,000 HIHO states...
✅ Simulation complete in 1.64 seconds.
📊 Identified 39,606 Stability Bright Spots.
🚀 Starting mass simulation of 10,000,000 HIHO states...
✅ Simulation complete in 6.69 seconds.
📊 Identified 39,488 Stability Bright Spots.
🚀 Starting mass simulation of 10,000,000 HIHO states...
✅ Simulation complete in 2.89 seconds.
📊 Identified 39,703 Stability Bright Spots.
🚀 Starting mass simulation of 10,000,000 HIHO states...
✅ Simulation complete in 4.56 seconds.
📊 Identified 39,561 Stability Bright Spots.
🚀 Starting mass simulation of 10,000,000 HIHO states...
✅ Simulation complete in 10.08 seconds.
📊 Identified 39,330 Stability Bright Spots.
🚀 Starting mass simulation of 10,000,000 HIHO states...
✅ Simulation complete in 4.27 seconds.
📊 Identified 39,842 Stability Bright Spots.
🚀 Starting mass simulation of 10,000,000 HIHO states...
✅ Simulation complete in 8.31 seconds.
📊 Identified 39,942 Stability Bright Spots.
🚀 Starting mass simulation of 10,000,000 HIHO states...
✅ Simulation complete in 3.89 seconds.
📊 Identified 39,595 Stability Bright Spots.
🚀 Starting mass simulation of 10,000,000 HIHO states...
✅ Simulation complete in 12.53 seconds.
📊 Identified 39,778 Stability Bright Spots.
🚀 Starting mass simulation of 10,000,000 HIHO states...
✅ Simulation complete in 3.08 seconds.
📊 Identified 39,902 Stability Bright Spots.
🚀 Starting mass simulation of 10,000,000 HIHO states...
✅ Simulation complete in 6.75 seconds.
📊 Identified 39,749 Stability Bright Spots.
🚀 Starting mass simulation of 10,000,000 HIHO states...
✅ Simulation complete in 3.66 seconds.
📊 Identified 39,730 Stability Bright Spots.
🚀 Starting mass simulation of 10,000,000 HIHO states...
✅ Simulation complete in 5.39 seconds.
📊 Identified 39,639 Stability Bright Spots.
🚀 Starting mass simulation of 10,000,000 HIHO states...
✅ Simulation complete in 3.83 seconds.
📊 Identified 39,577 Stability Bright Spots.
🚀 Starting mass simulation of 10,000,000 HIHO states...
✅ Simulation complete in 4.07 seconds.
📊 Identified 39,733 Stability Bright Spots.
🚀 Starting mass simulation of 10,000,000 HIHO states...
✅ Simulation complete in 4.73 seconds.
📊 Identified 39,824 Stability Bright Spots.
🚀 Starting mass simulation of 10,000,000 HIHO states...
✅ Simulation complete in 3.88 seconds.
📊 Identified 39,880 Stability Bright Spots.
🚀 Starting mass simulation of 10,000,000 HIHO states...
✅ Simulation complete in 11.62 seconds.
📊 Identified 39,760 Stability Bright Spots.
🚀 Starting mass simulation of 10,000,000 HIHO states...
✅ Simulation complete in 4.37 seconds.
📊 Identified 39,792 Stability Bright Spots.
🚀 Starting mass simulation of 10,000,000 HIHO states...
✅ Simulation complete in 3.03 seconds.
📊 Identified 39,619 Stability Bright Spots.
🚀 Starting mass simulation of 10,000,000 HIHO states...
✅ Simulation complete in 3.48 seconds.
📊 Identified 39,690 Stability Bright Spots.
🚀 Starting mass simulation of 10,000,000 HIHO states...
✅ Simulation complete in 2.86 seconds.
📊 Identified 39,554 Stability Bright Spots.
🚀 Starting mass simulation of 10,000,000 HIHO states...
✅ Simulation complete in 3.67 seconds.
📊 Identified 39,721 Stability Bright Spots.
🚀 Starting mass simulation of 10,000,000 HIHO states...
✅ Simulation complete in 0.90 seconds.
📊 Identified 39,498 Stability Bright Spots.
🚀 Starting mass simulation of 10,000,000 HIHO states...
✅ Simulation complete in 0.84 seconds.
📊 Identified 39,430 Stability Bright Spots.
🚀 Starting mass simulation of 10,000,000 HIHO states...
✅ Simulation complete in 0.84 seconds.
📊 Identified 39,623 Stability Bright Spots.
🚀 Starting mass simulation of 10,000,000 HIHO states...
✅ Simulation complete in 0.84 seconds.
📊 Identified 39,855 Stability Bright Spots.
🚀 Starting mass simulation of 10,000,000 HIHO states...
✅ Simulation complete in 0.84 seconds.
📊 Identified 39,587 Stability Bright Spots.
🚀 Starting mass simulation of 10,000,000 HIHO states...
✅ Simulation complete in 0.84 seconds.
📊 Identified 39,833 Stability Bright Spots.
🚀 Starting mass simulation of 10,000,000 HIHO states...
✅ Simulation complete in 0.84 seconds.
📊 Identified 39,648 Stability Bright Spots.
🚀 Starting mass simulation of 10,000,000 HIHO states...
✅ Simulation complete in 0.83 seconds.
📊 Identified 39,710 Stability Bright Spots.
🚀 Starting mass simulation of 10,000,000 HIHO states...
✅ Simulation complete in 0.84 seconds.
📊 Identified 39,647 Stability Bright Spots.
🚀 Starting mass simulation of 10,000,000 HIHO states...
✅ Simulation complete in 0.85 seconds.
📊 Identified 39,640 Stability Bright Spots.
🚀 Starting mass simulation of 10,000,000 HIHO states...
✅ Simulation complete in 0.85 seconds.
📊 Identified 39,587 Stability Bright Spots.2026-01-21 10:35:17,258 - cohezion.db.surreal_client - INFO - Connected to SurrealDB at ws://localhost:8000/rpc
2026-01-21 10:35:28,289 - FractalNexus - INFO - Iteration 57: Simulating 10,000,000 rounds...
2026-01-21 10:35:29,183 - cohezion.db.surreal_client - INFO - Connected to SurrealDB at ws://localhost:8000/rpc
2026-01-21 10:35:40,210 - FractalNexus - INFO - Iteration 58: Simulating 10,000,000 rounds...
2026-01-21 10:35:41,083 - cohezion.db.surreal_client - INFO - Connected to SurrealDB at ws://localhost:8000/rpc
2026-01-21 10:35:52,124 - FractalNexus - INFO - Iteration 59: Simulating 10,000,000 rounds...
2026-01-21 10:35:53,004 - cohezion.db.surreal_client - INFO - Connected to SurrealDB at ws://localhost:8000/rpc
2026-01-21 10:36:04,032 - FractalNexus - INFO - Iteration 60: Simulating 10,000,000 rounds...
2026-01-21 10:36:05,944 - cohezion.db.surreal_client - INFO - Connected to SurrealDB at ws://localhost:8000/rpc
2026-01-21 10:36:16,982 - FractalNexus - INFO - Iteration 61: Simulating 10,000,000 rounds...
2026-01-21 10:36:17,854 - cohezion.db.surreal_client - INFO - Connected to SurrealDB at ws://localhost:8000/rpc
2026-01-21 10:36:28,879 - FractalNexus - INFO - Iteration 62: Simulating 10,000,000 rounds...
2026-01-21 10:36:29,753 - cohezion.db.surreal_client - INFO - Connected to SurrealDB at ws://localhost:8000/rpc
2026-01-21 10:36:40,794 - FractalNexus - INFO - Iteration 63: Simulating 10,000,000 rounds...
2026-01-21 10:36:41,679 - cohezion.db.surreal_client - INFO - Connected to SurrealDB at ws://localhost:8000/rpc
2026-01-21 10:36:52,709 - FractalNexus - INFO - Iteration 64: Simulating 10,000,000 rounds...
2026-01-21 10:36:53,586 - cohezion.db.surreal_client - INFO - Connected to SurrealDB at ws://localhost:8000/rpc
2026-01-21 10:37:04,622 - FractalNexus - INFO - Iteration 65: Simulating 10,000,000 rounds...
2026-01-21 10:37:06,530 - cohezion.db.surreal_client - INFO - Connected to SurrealDB at ws://localhost:8000/rpc
2026-01-21 10:37:17,559 - FractalNexus - INFO - Iteration 66: Simulating 10,000,000 rounds...
2026-01-21 10:37:18,445 - cohezion.db.surreal_client - INFO - Connected to SurrealDB at ws://localhost:8000/rpc
2026-01-21 10:37:29,473 - FractalNexus - INFO - Iteration 67: Simulating 10,000,000 rounds...
2026-01-21 10:37:30,366 - cohezion.db.surreal_client - INFO - Connected to SurrealDB at ws://localhost:8000/rpc
2026-01-21 10:37:41,393 - FractalNexus - INFO - Iteration 68: Simulating 10,000,000 rounds...
2026-01-21 10:37:42,282 - cohezion.db.surreal_client - INFO - Connected to SurrealDB at ws://localhost:8000/rpc
2026-01-21 10:37:53,343 - FractalNexus - INFO - Iteration 69: Simulating 10,000,000 rounds...
2026-01-21 10:37:54,208 - cohezion.db.surreal_client - INFO - Connected to SurrealDB at ws://localhost:8000/rpc
2026-01-21 10:38:05,244 - FractalNexus - INFO - Iteration 70: Simulating 10,000,000 rounds...
2026-01-21 10:38:07,151 - cohezion.db.surreal_client - INFO - Connected to SurrealDB at ws://localhost:8000/rpc
2026-01-21 10:38:18,192 - FractalNexus - INFO - Iteration 71: Simulating 10,000,000 rounds...
2026-01-21 10:38:19,069 - cohezion.db.surreal_client - INFO - Connected to SurrealDB at ws://localhost:8000/rpc
2026-01-21 10:38:30,103 - FractalNexus - INFO - Iteration 72: Simulating 10,000,000 rounds...
2026-01-21 10:38:30,975 - cohezion.db.surreal_client - INFO - Connected to SurrealDB at ws://localhost:8000/rpc
2026-01-21 10:38:42,010 - FractalNexus - INFO - Iteration 73: Simulating 10,000,000 rounds...
2026-01-21 10:38:42,892 - cohezion.db.surreal_client - INFO - Connected to SurrealDB at ws://localhost:8000/rpc
2026-01-21 10:38:53,923 - FractalNexus - INFO - Iteration 74: Simulating 10,000,000 rounds...
2026-01-21 10:38:54,797 - cohezion.db.surreal_client - INFO - Connected to SurrealDB at ws://localhost:8000/rpc
2026-01-21 10:39:05,823 - FractalNexus - INFO - Iteration 75: Simulating 10,000,000 rounds...
2026-01-21 10:39:07,741 - cohezion.db.surreal_client - INFO - Connected to SurrealDB at ws://localhost:8000/rpc
2026-01-21 10:39:18,772 - FractalNexus - INFO - Iteration 76: Simulating 10,000,000 rounds...
2026-01-21 10:39:19,665 - cohezion.db.surreal_client - INFO - Connected to SurrealDB at ws://localhost:8000/rpc
2026-01-21 10:39:30,702 - FractalNexus - INFO - Iteration 77: Simulating 10,000,000 rounds...
2026-01-21 10:39:31,576 - cohezion.db.surreal_client - INFO - Connected to SurrealDB at ws://localhost:8000/rpc
2026-01-21 10:39:42,607 - FractalNexus - INFO - Iteration 78: Simulating 10,000,000 rounds...
2026-01-21 10:39:43,486 - cohezion.db.surreal_client - INFO - Connected to SurrealDB at ws://localhost:8000/rpc
2026-01-21 10:39:54,511 - FractalNexus - INFO - Iteration 79: Simulating 10,000,000 rounds...
2026-01-21 10:39:55,389 - cohezion.db.surreal_client - INFO - Connected to SurrealDB at ws://localhost:8000/rpc
2026-01-21 10:40:06,421 - FractalNexus - INFO - Iteration 80: Simulating 10,000,000 rounds...
2026-01-21 10:40:08,326 - cohezion.db.surreal_client - INFO - Connected to SurrealDB at ws://localhost:8000/rpc
2026-01-21 10:40:19,378 - FractalNexus - INFO - Iteration 81: Simulating 10,000,000 rounds...
2026-01-21 10:40:20,245 - cohezion.db.surreal_client - INFO - Connected to SurrealDB at ws://localhost:8000/rpc
2026-01-21 10:40:31,280 - FractalNexus - INFO - Iteration 82: Simulating 10,000,000 rounds...
2026-01-21 10:40:32,165 - cohezion.db.surreal_client - INFO - Connected to SurrealDB at ws://localhost:8000/rpc
2026-01-21 10:40:43,207 - FractalNexus - INFO - Iteration 83: Simulating 10,000,000 rounds...
2026-01-21 10:40:44,089 - cohezion.db.surreal_client - INFO - Connected to SurrealDB at ws://localhost:8000/rpc
2026-01-21 10:40:55,115 - FractalNexus - INFO - Iteration 84: Simulating 10,000,000 rounds...
2026-01-21 10:40:55,992 - cohezion.db.surreal_client - INFO - Connected to SurrealDB at ws://localhost:8000/rpc
2026-01-21 10:41:07,023 - FractalNexus - INFO - Iteration 85: Simulating 10,000,000 rounds...
2026-01-21 10:41:08,934 - cohezion.db.surreal_client - INFO - Connected to SurrealDB at ws://localhost:8000/rpc
2026-01-21 10:41:19,959 - FractalNexus - INFO - Iteration 86: Simulating 10,000,000 rounds...
2026-01-21 10:41:20,822 - cohezion.db.surreal_client - INFO - Connected to SurrealDB at ws://localhost:8000/rpc
2026-01-21 10:41:31,848 - FractalNexus - INFO - Iteration 87: Simulating 10,000,000 rounds...
2026-01-21 10:41:32,739 - cohezion.db.surreal_client - INFO - Connected to SurrealDB at ws://localhost:8000/rpc
2026-01-21 10:41:43,772 - FractalNexus - INFO - Iteration 88: Simulating 10,000,000 rounds...
2026-01-21 10:41:44,650 - cohezion.db.surreal_client - INFO - Connected to SurrealDB at ws://localhost:8000/rpc
2026-01-21 10:41:55,685 - FractalNexus - INFO - Iteration 89: Simulating 10,000,000 rounds...
2026-01-21 10:41:56,587 - cohezion.db.surreal_client - INFO - Connected to SurrealDB at ws://localhost:8000/rpc
2026-01-21 10:42:07,618 - FractalNexus - INFO - Iteration 90: Simulating 10,000,000 rounds...
2026-01-21 10:42:09,531 - cohezion.db.surreal_client - INFO - Connected to SurrealDB at ws://localhost:8000/rpc
2026-01-21 10:42:20,564 - FractalNexus - INFO - Iteration 91: Simulating 10,000,000 rounds...
2026-01-21 10:42:21,432 - cohezion.db.surreal_client - INFO - Connected to SurrealDB at ws://localhost:8000/rpc
2026-01-21 10:42:32,464 - FractalNexus - INFO - Iteration 92: Simulating 10,000,000 rounds...
2026-01-21 10:42:33,338 - cohezion.db.surreal_client - INFO - Connected to SurrealDB at ws://localhost:8000/rpc
2026-01-21 10:42:44,367 - FractalNexus - INFO - Iteration 93: Simulating 10,000,000 rounds...
2026-01-21 10:42:45,242 - cohezion.db.surreal_client - INFO - Connected to SurrealDB at ws://localhost:8000/rpc
2026-01-21 10:42:56,275 - FractalNexus - INFO - Iteration 94: Simulating 10,000,000 rounds...
2026-01-21 10:42:57,167 - cohezion.db.surreal_client - INFO - Connected to SurrealDB at ws://localhost:8000/rpc
2026-01-21 10:43:08,198 - FractalNexus - INFO - Iteration 95: Simulating 10,000,000 rounds...
2026-01-21 10:43:10,119 - cohezion.db.surreal_client - INFO - Connected to SurrealDB at ws://localhost:8000/rpc
2026-01-21 10:43:21,160 - FractalNexus - INFO - Iteration 96: Simulating 10,000,000 rounds...
2026-01-21 10:43:22,039 - cohezion.db.surreal_client - INFO - Connected to SurrealDB at ws://localhost:8000/rpc
2026-01-21 10:43:33,073 - FractalNexus - INFO - Iteration 97: Simulating 10,000,000 rounds...
2026-01-21 10:43:33,960 - cohezion.db.surreal_client - INFO - Connected to SurrealDB at ws://localhost:8000/rpc
2026-01-21 10:43:44,986 - FractalNexus - INFO - Iteration 98: Simulating 10,000,000 rounds...
2026-01-21 10:43:45,850 - cohezion.db.surreal_client - INFO - Connected to SurrealDB at ws://localhost:8000/rpc
2026-01-21 10:43:56,882 - FractalNexus - INFO - Iteration 99: Simulating 10,000,000 rounds...
2026-01-21 10:43:57,765 - cohezion.db.surreal_client - INFO - Connected to SurrealDB at ws://localhost:8000/rpc
2026-01-21 10:44:08,805 - FractalNexus - INFO - Iteration 100: Simulating 10,000,000 rounds...
2026-01-21 10:44:10,709 - cohezion.db.surreal_client - INFO - Connected to SurrealDB at ws://localhost:8000/rpc
2026-01-21 10:44:21,743 - FractalNexus - INFO - Iteration 101: Simulating 10,000,000 rounds...
2026-01-21 10:44:22,621 - cohezion.db.surreal_client - INFO - Connected to SurrealDB at ws://localhost:8000/rpc
2026-01-21 10:44:33,649 - FractalNexus - INFO - Iteration 102: Simulating 10,000,000 rounds...
2026-01-21 10:44:34,537 - cohezion.db.surreal_client - INFO - Connected to SurrealDB at ws://localhost:8000/rpc
2026-01-21 10:44:45,567 - FractalNexus - INFO - Iteration 103: Simulating 10,000,000 rounds...
2026-01-21 10:44:46,460 - cohezion.db.surreal_client - INFO - Connected to SurrealDB at ws://localhost:8000/rpc
2026-01-21 10:44:57,492 - FractalNexus - INFO - Iteration 104: Simulating 10,000,000 rounds...
2026-01-21 10:44:58,376 - cohezion.db.surreal_client - INFO - Connected to SurrealDB at ws://localhost:8000/rpc
2026-01-21 10:45:09,409 - FractalNexus - INFO - Iteration 105: Simulating 10,000,000 rounds...
2026-01-21 10:45:11,324 - cohezion.db.surreal_client - INFO - Connected to SurrealDB at ws://localhost:8000/rpc
2026-01-21 10:45:22,359 - FractalNexus - INFO - Iteration 106: Simulating 10,000,000 rounds...
2026-01-21 10:45:23,231 - cohezion.db.surreal_client - INFO - Connected to SurrealDB at ws://localhost:8000/rpc
2026-01-21 10:45:34,267 - FractalNexus - INFO - Iteration 107: Simulating 10,000,000 rounds...
2026-01-21 10:45:35,139 - cohezion.db.surreal_client - INFO - Connected to SurrealDB at ws://localhost:8000/rpc
2026-01-21 10:45:46,174 - FractalNexus - INFO - Iteration 108: Simulating 10,000,000 rounds...
2026-01-21 10:45:47,051 - cohezion.db.surreal_client - INFO - Connected to SurrealDB at ws://localhost:8000/rpc
2026-01-21 10:45:58,084 - FractalNexus - INFO - Iteration 109: Simulating 10,000,000 rounds...
2026-01-21 10:45:58,976 - cohezion.db.surreal_client - INFO - Connected to SurrealDB at ws://localhost:8000/rpc
2026-01-21 10:46:10,008 - FractalNexus - INFO - Iteration 110: Simulating 10,000,000 rounds...
2026-01-21 10:46:11,916 - cohezion.db.surreal_client - INFO - Connected to SurrealDB at ws://localhost:8000/rpc
2026-01-21 10:46:22,952 - FractalNexus - INFO - Iteration 111: Simulating 10,000,000 rounds...
2026-01-21 10:46:23,834 - cohezion.db.surreal_client - INFO - Connected to SurrealDB at ws://localhost:8000/rpc
2026-01-21 10:46:34,860 - FractalNexus - INFO - Iteration 112: Simulating 10,000,000 rounds...

🚀 Starting mass simulation of 10,000,000 HIHO states...
✅ Simulation complete in 0.85 seconds.
📊 Identified 39,485 Stability Bright Spots.
🚀 Starting mass simulation of 10,000,000 HIHO states...
✅ Simulation complete in 0.84 seconds.
📊 Identified 39,523 Stability Bright Spots.
🚀 Starting mass simulation of 10,000,000 HIHO states...
✅ Simulation complete in 0.84 seconds.
📊 Identified 39,726 Stability Bright Spots.
🚀 Starting mass simulation of 10,000,000 HIHO states...
✅ Simulation complete in 0.84 seconds.
📊 Identified 39,704 Stability Bright Spots.
🚀 Starting mass simulation of 10,000,000 HIHO states...
✅ Simulation complete in 0.83 seconds.
📊 Identified 39,802 Stability Bright Spots.
🚀 Starting mass simulation of 10,000,000 HIHO states...
✅ Simulation complete in 0.85 seconds.
📊 Identified 39,565 Stability Bright Spots.
🚀 Starting mass simulation of 10,000,000 HIHO states...
✅ Simulation complete in 0.85 seconds.
📊 Identified 39,815 Stability Bright Spots.
🚀 Starting mass simulation of 10,000,000 HIHO states...
✅ Simulation complete in 0.84 seconds.
📊 Identified 39,634 Stability Bright Spots.
🚀 Starting mass simulation of 10,000,000 HIHO states...
✅ Simulation complete in 0.84 seconds.
📊 Identified 39,498 Stability Bright Spots.
🚀 Starting mass simulation of 10,000,000 HIHO states...
✅ Simulation complete in 0.84 seconds.
📊 Identified 39,601 Stability Bright Spots.
🚀 Starting mass simulation of 10,000,000 HIHO states...
✅ Simulation complete in 0.84 seconds.
📊 Identified 39,948 Stability Bright Spots.
🚀 Starting mass simulation of 10,000,000 HIHO states...
✅ Simulation complete in 0.85 seconds.
📊 Identified 39,588 Stability Bright Spots.
🚀 Starting mass simulation of 10,000,000 HIHO states...
✅ Simulation complete in 0.83 seconds.
📊 Identified 39,758 Stability Bright Spots.
🚀 Starting mass simulation of 10,000,000 HIHO states...
✅ Simulation complete in 0.84 seconds.
📊 Identified 39,638 Stability Bright Spots.
🚀 Starting mass simulation of 10,000,000 HIHO states...
✅ Simulation complete in 0.84 seconds.
📊 Identified 39,544 Stability Bright Spots.
🚀 Starting mass simulation of 10,000,000 HIHO states...
✅ Simulation complete in 0.83 seconds.
📊 Identified 39,744 Stability Bright Spots.
🚀 Starting mass simulation of 10,000,000 HIHO states...
✅ Simulation complete in 0.85 seconds.
📊 Identified 39,531 Stability Bright Spots.
🚀 Starting mass simulation of 10,000,000 HIHO states...
✅ Simulation complete in 0.84 seconds.
📊 Identified 39,500 Stability Bright Spots.
🚀 Starting mass simulation of 10,000,000 HIHO states...
✅ Simulation complete in 0.84 seconds.
📊 Identified 39,511 Stability Bright Spots.
🚀 Starting mass simulation of 10,000,000 HIHO states...
✅ Simulation complete in 0.84 seconds.
📊 Identified 39,458 Stability Bright Spots.
🚀 Starting mass simulation of 10,000,000 HIHO states...
✅ Simulation complete in 0.84 seconds.
📊 Identified 39,765 Stability Bright Spots.
🚀 Starting mass simulation of 10,000,000 HIHO states...
✅ Simulation complete in 0.84 seconds.
📊 Identified 39,571 Stability Bright Spots.
🚀 Starting mass simulation of 10,000,000 HIHO states...
✅ Simulation complete in 0.84 seconds.
📊 Identified 39,485 Stability Bright Spots.
🚀 Starting mass simulation of 10,000,000 HIHO states...
✅ Simulation complete in 0.84 seconds.
📊 Identified 39,821 Stability Bright Spots.
🚀 Starting mass simulation of 10,000,000 HIHO states...
✅ Simulation complete in 0.83 seconds.
📊 Identified 39,645 Stability Bright Spots.
🚀 Starting mass simulation of 10,000,000 HIHO states...
✅ Simulation complete in 0.85 seconds.
📊 Identified 39,650 Stability Bright Spots.
🚀 Starting mass simulation of 10,000,000 HIHO states...
✅ Simulation complete in 0.84 seconds.
📊 Identified 39,221 Stability Bright Spots.
🚀 Starting mass simulation of 10,000,000 HIHO states...
✅ Simulation complete in 0.84 seconds.
📊 Identified 39,922 Stability Bright Spots.
🚀 Starting mass simulation of 10,000,000 HIHO states...
✅ Simulation complete in 0.83 seconds.
📊 Identified 39,714 Stability Bright Spots.
🚀 Starting mass simulation of 10,000,000 HIHO states...
✅ Simulation complete in 0.84 seconds.
📊 Identified 39,892 Stability Bright Spots.
🚀 Starting mass simulation of 10,000,000 HIHO states...
✅ Simulation complete in 0.84 seconds.
📊 Identified 39,776 Stability Bright Spots.
🚀 Starting mass simulation of 10,000,000 HIHO states...
✅ Simulation complete in 0.84 seconds.
📊 Identified 39,738 Stability Bright Spots.
🚀 Starting mass simulation of 10,000,000 HIHO states...
✅ Simulation complete in 0.84 seconds.
📊 Identified 39,322 Stability Bright Spots.
🚀 Starting mass simulation of 10,000,000 HIHO states...
✅ Simulation complete in 0.85 seconds.
📊 Identified 39,699 Stability Bright Spots.
🚀 Starting mass simulation of 10,000,000 HIHO states...
✅ Simulation complete in 0.84 seconds.
📊 Identified 39,847 Stability Bright Spots.
🚀 Starting mass simulation of 10,000,000 HIHO states...
✅ Simulation complete in 0.84 seconds.
📊 Identified 39,923 Stability Bright Spots.
🚀 Starting mass simulation of 10,000,000 HIHO states...
✅ Simulation complete in 0.84 seconds.
📊 Identified 39,686 Stability Bright Spots.
🚀 Starting mass simulation of 10,000,000 HIHO states...
✅ Simulation complete in 0.84 seconds.
📊 Identified 39,484 Stability Bright Spots.
🚀 Starting mass simulation of 10,000,000 HIHO states...
✅ Simulation complete in 0.84 seconds.
📊 Identified 39,634 Stability Bright Spots.
🚀 Starting mass simulation of 10,000,000 HIHO states...
✅ Simulation complete in 0.84 seconds.
📊 Identified 39,660 Stability Bright Spots.
🚀 Starting mass simulation of 10,000,000 HIHO states...
✅ Simulation complete in 0.83 seconds.
📊 Identified 39,556 Stability Bright Spots.
🚀 Starting mass simulation of 10,000,000 HIHO states...
✅ Simulation complete in 0.84 seconds.
📊 Identified 39,886 Stability Bright Spots.
🚀 Starting mass simulation of 10,000,000 HIHO states...
✅ Simulation complete in 0.84 seconds.
📊 Identified 39,404 Stability Bright Spots.
🚀 Starting mass simulation of 10,000,000 HIHO states...
✅ Simulation complete in 0.83 seconds.
📊 Identified 39,676 Stability Bright Spots.
🚀 Starting mass simulation of 10,000,000 HIHO states...
✅ Simulation complete in 0.84 seconds.
📊 Identified 39,722 Stability Bright Spots.
🚀 Starting mass simulation of 10,000,000 HIHO states...
✅ Simulation complete in 0.84 seconds.
📊 Identified 39,473 Stability Bright Spots.
🚀 Starting mass simulation of 10,000,000 HIHO states...
✅ Simulation complete in 0.84 seconds.
📊 Identified 39,678 Stability Bright Spots.
🚀 Starting mass simulation of 10,000,000 HIHO states...
✅ Simulation complete in 0.84 seconds.
📊 Identified 39,756 Stability Bright Spots.
🚀 Starting mass simulation of 10,000,000 HIHO states...
✅ Simulation complete in 0.84 seconds.
📊 Identified 39,388 Stability Bright Spots.
🚀 Starting mass simulation of 10,000,000 HIHO states...
✅ Simulation complete in 0.84 seconds.
📊 Identified 39,637 Stability Bright Spots.
🚀 Starting mass simulation of 10,000,000 HIHO states...
✅ Simulation complete in 0.84 seconds.
📊 Identified 40,024 Stability Bright Spots.
🚀 Starting mass simulation of 10,000,000 HIHO states...
✅ Simulation complete in 0.84 seconds.
📊 Identified 39,525 Stability Bright Spots.
🚀 Starting mass simulation of 10,000,000 HIHO states...
✅ Simulation complete in 0.84 seconds.
📊 Identified 39,715 Stability Bright Spots.
🚀 Starting mass simulation of 10,000,000 HIHO states...
✅ Simulation complete in 0.85 seconds.
📊 Identified 39,715 Stability Bright Spots.
🚀 Starting mass simulation of 10,000,000 HIHO states...
✅ Simulation complete in 0.84 seconds.
📊 Identified 39,807 Stability Bright Spots.
🚀 Starting mass simulation of 10,000,000 HIHO states...
✅ Simulation complete in 0.84 seconds.
📊 Identified 39,460 Stability Bright Spots.2026-01-21 10:46:35,737 - cohezion.db.surreal_client - INFO - Connected to SurrealDB at ws://localhost:8000/rpc
2026-01-21 10:46:46,769 - FractalNexus - INFO - Iteration 113: Simulating 10,000,000 rounds...
2026-01-21 10:46:47,645 - cohezion.db.surreal_client - INFO - Connected to SurrealDB at ws://localhost:8000/rpc
2026-01-21 10:46:58,675 - FractalNexus - INFO - Iteration 114: Simulating 10,000,000 rounds...
2026-01-21 10:46:59,571 - cohezion.db.surreal_client - INFO - Connected to SurrealDB at ws://localhost:8000/rpc
2026-01-21 10:47:10,604 - FractalNexus - INFO - Iteration 115: Simulating 10,000,000 rounds...
2026-01-21 10:47:12,514 - cohezion.db.surreal_client - INFO - Connected to SurrealDB at ws://localhost:8000/rpc
2026-01-21 10:47:23,547 - FractalNexus - INFO - Iteration 116: Simulating 10,000,000 rounds...
2026-01-21 10:47:24,437 - cohezion.db.surreal_client - INFO - Connected to SurrealDB at ws://localhost:8000/rpc
2026-01-21 10:47:35,492 - FractalNexus - INFO - Iteration 117: Simulating 10,000,000 rounds...
2026-01-21 10:47:36,374 - cohezion.db.surreal_client - INFO - Connected to SurrealDB at ws://localhost:8000/rpc
2026-01-21 10:47:47,407 - FractalNexus - INFO - Iteration 118: Simulating 10,000,000 rounds...
2026-01-21 10:47:48,282 - cohezion.db.surreal_client - INFO - Connected to SurrealDB at ws://localhost:8000/rpc
2026-01-21 10:47:59,311 - FractalNexus - INFO - Iteration 119: Simulating 10,000,000 rounds...
2026-01-21 10:48:00,208 - cohezion.db.surreal_client - INFO - Connected to SurrealDB at ws://localhost:8000/rpc
2026-01-21 10:48:11,242 - FractalNexus - INFO - Iteration 120: Simulating 10,000,000 rounds...
2026-01-21 10:48:13,163 - cohezion.db.surreal_client - INFO - Connected to SurrealDB at ws://localhost:8000/rpc
2026-01-21 10:48:24,193 - FractalNexus - INFO - Iteration 121: Simulating 10,000,000 rounds...
2026-01-21 10:48:25,082 - cohezion.db.surreal_client - INFO - Connected to SurrealDB at ws://localhost:8000/rpc
2026-01-21 10:48:36,126 - FractalNexus - INFO - Iteration 122: Simulating 10,000,000 rounds...
2026-01-21 10:48:36,996 - cohezion.db.surreal_client - INFO - Connected to SurrealDB at ws://localhost:8000/rpc
2026-01-21 10:48:48,041 - FractalNexus - INFO - Iteration 123: Simulating 10,000,000 rounds...
2026-01-21 10:48:48,910 - cohezion.db.surreal_client - INFO - Connected to SurrealDB at ws://localhost:8000/rpc
2026-01-21 10:48:59,940 - FractalNexus - INFO - Iteration 124: Simulating 10,000,000 rounds...
2026-01-21 10:49:00,831 - cohezion.db.surreal_client - INFO - Connected to SurrealDB at ws://localhost:8000/rpc
2026-01-21 10:49:11,864 - FractalNexus - INFO - Iteration 125: Simulating 10,000,000 rounds...
2026-01-21 10:49:13,764 - cohezion.db.surreal_client - INFO - Connected to SurrealDB at ws://localhost:8000/rpc
2026-01-21 10:49:24,796 - FractalNexus - INFO - Iteration 126: Simulating 10,000,000 rounds...
2026-01-21 10:49:25,675 - cohezion.db.surreal_client - INFO - Connected to SurrealDB at ws://localhost:8000/rpc
2026-01-21 10:49:36,707 - FractalNexus - INFO - Iteration 127: Simulating 10,000,000 rounds...
2026-01-21 10:49:37,584 - cohezion.db.surreal_client - INFO - Connected to SurrealDB at ws://localhost:8000/rpc
2026-01-21 10:49:48,617 - FractalNexus - INFO - Iteration 128: Simulating 10,000,000 rounds...
2026-01-21 10:49:49,506 - cohezion.db.surreal_client - INFO - Connected to SurrealDB at ws://localhost:8000/rpc
2026-01-21 10:50:00,548 - FractalNexus - INFO - Iteration 129: Simulating 10,000,000 rounds...
2026-01-21 10:50:01,426 - cohezion.db.surreal_client - INFO - Connected to SurrealDB at ws://localhost:8000/rpc
2026-01-21 10:50:12,461 - FractalNexus - INFO - Iteration 130: Simulating 10,000,000 rounds...
2026-01-21 10:50:14,404 - cohezion.db.surreal_client - INFO - Connected to SurrealDB at ws://localhost:8000/rpc
2026-01-21 10:50:25,433 - FractalNexus - INFO - Iteration 131: Simulating 10,000,000 rounds...
2026-01-21 10:50:26,317 - cohezion.db.surreal_client - INFO - Connected to SurrealDB at ws://localhost:8000/rpc
2026-01-21 10:50:37,350 - FractalNexus - INFO - Iteration 132: Simulating 10,000,000 rounds...
2026-01-21 10:50:38,248 - cohezion.db.surreal_client - INFO - Connected to SurrealDB at ws://localhost:8000/rpc
2026-01-21 10:50:49,301 - FractalNexus - INFO - Iteration 133: Simulating 10,000,000 rounds...
2026-01-21 10:50:50,172 - cohezion.db.surreal_client - INFO - Connected to SurrealDB at ws://localhost:8000/rpc
2026-01-21 10:51:01,204 - FractalNexus - INFO - Iteration 134: Simulating 10,000,000 rounds...
2026-01-21 10:51:02,071 - cohezion.db.surreal_client - INFO - Connected to SurrealDB at ws://localhost:8000/rpc
2026-01-21 10:51:13,125 - FractalNexus - INFO - Iteration 135: Simulating 10,000,000 rounds...
2026-01-21 10:51:15,029 - cohezion.db.surreal_client - INFO - Connected to SurrealDB at ws://localhost:8000/rpc
2026-01-21 10:51:26,060 - FractalNexus - INFO - Iteration 136: Simulating 10,000,000 rounds...
2026-01-21 10:51:26,949 - cohezion.db.surreal_client - INFO - Connected to SurrealDB at ws://localhost:8000/rpc
2026-01-21 10:51:37,993 - FractalNexus - INFO - Iteration 137: Simulating 10,000,000 rounds...
2026-01-21 10:51:38,865 - cohezion.db.surreal_client - INFO - Connected to SurrealDB at ws://localhost:8000/rpc
2026-01-21 10:51:49,890 - FractalNexus - INFO - Iteration 138: Simulating 10,000,000 rounds...
2026-01-21 10:51:50,780 - cohezion.db.surreal_client - INFO - Connected to SurrealDB at ws://localhost:8000/rpc
2026-01-21 10:52:01,812 - FractalNexus - INFO - Iteration 139: Simulating 10,000,000 rounds...
2026-01-21 10:52:02,703 - cohezion.db.surreal_client - INFO - Connected to SurrealDB at ws://localhost:8000/rpc
2026-01-21 10:52:13,736 - FractalNexus - INFO - Iteration 140: Simulating 10,000,000 rounds...
2026-01-21 10:52:15,640 - cohezion.db.surreal_client - INFO - Connected to SurrealDB at ws://localhost:8000/rpc
2026-01-21 10:52:26,672 - FractalNexus - INFO - Iteration 141: Simulating 10,000,000 rounds...
2026-01-21 10:52:27,562 - cohezion.db.surreal_client - INFO - Connected to SurrealDB at ws://localhost:8000/rpc
2026-01-21 10:52:38,619 - FractalNexus - INFO - Iteration 142: Simulating 10,000,000 rounds...
2026-01-21 10:52:39,486 - cohezion.db.surreal_client - INFO - Connected to SurrealDB at ws://localhost:8000/rpc
2026-01-21 10:52:50,515 - FractalNexus - INFO - Iteration 143: Simulating 10,000,000 rounds...
2026-01-21 10:52:51,411 - cohezion.db.surreal_client - INFO - Connected to SurrealDB at ws://localhost:8000/rpc
2026-01-21 10:53:02,447 - FractalNexus - INFO - Iteration 144: Simulating 10,000,000 rounds...
2026-01-21 10:53:03,316 - cohezion.db.surreal_client - INFO - Connected to SurrealDB at ws://localhost:8000/rpc
2026-01-21 10:53:14,344 - FractalNexus - INFO - Iteration 145: Simulating 10,000,000 rounds...
2026-01-21 10:53:16,253 - cohezion.db.surreal_client - INFO - Connected to SurrealDB at ws://localhost:8000/rpc
2026-01-21 10:53:27,288 - FractalNexus - INFO - Iteration 146: Simulating 10,000,000 rounds...
2026-01-21 10:53:28,182 - cohezion.db.surreal_client - INFO - Connected to SurrealDB at ws://localhost:8000/rpc
2026-01-21 10:53:39,214 - FractalNexus - INFO - Iteration 147: Simulating 10,000,000 rounds...
2026-01-21 10:53:40,105 - cohezion.db.surreal_client - INFO - Connected to SurrealDB at ws://localhost:8000/rpc
2026-01-21 10:53:51,137 - FractalNexus - INFO - Iteration 148: Simulating 10,000,000 rounds...
2026-01-21 10:53:52,021 - cohezion.db.surreal_client - INFO - Connected to SurrealDB at ws://localhost:8000/rpc
2026-01-21 10:54:03,053 - FractalNexus - INFO - Iteration 149: Simulating 10,000,000 rounds...
2026-01-21 10:54:03,943 - cohezion.db.surreal_client - INFO - Connected to SurrealDB at ws://localhost:8000/rpc
2026-01-21 10:54:14,972 - FractalNexus - INFO - Iteration 150: Simulating 10,000,000 rounds...
2026-01-21 10:54:16,897 - cohezion.db.surreal_client - INFO - Connected to SurrealDB at ws://localhost:8000/rpc
2026-01-21 10:54:27,930 - FractalNexus - INFO - Iteration 151: Simulating 10,000,000 rounds...
2026-01-21 10:54:28,825 - cohezion.db.surreal_client - INFO - Connected to SurrealDB at ws://localhost:8000/rpc
2026-01-21 10:54:39,858 - FractalNexus - INFO - Iteration 152: Simulating 10,000,000 rounds...
2026-01-21 10:54:40,754 - cohezion.db.surreal_client - INFO - Connected to SurrealDB at ws://localhost:8000/rpc
2026-01-21 10:54:51,809 - FractalNexus - INFO - Iteration 153: Simulating 10,000,000 rounds...
2026-01-21 10:54:52,681 - cohezion.db.surreal_client - INFO - Connected to SurrealDB at ws://localhost:8000/rpc
2026-01-21 10:55:03,712 - FractalNexus - INFO - Iteration 154: Simulating 10,000,000 rounds...
2026-01-21 10:55:04,597 - cohezion.db.surreal_client - INFO - Connected to SurrealDB at ws://localhost:8000/rpc
2026-01-21 10:55:15,627 - FractalNexus - INFO - Iteration 155: Simulating 10,000,000 rounds...
2026-01-21 10:55:17,528 - cohezion.db.surreal_client - INFO - Connected to SurrealDB at ws://localhost:8000/rpc
2026-01-21 10:55:28,563 - FractalNexus - INFO - Iteration 156: Simulating 10,000,000 rounds...
2026-01-21 10:55:29,443 - cohezion.db.surreal_client - INFO - Connected to SurrealDB at ws://localhost:8000/rpc
2026-01-21 10:55:40,471 - FractalNexus - INFO - Iteration 157: Simulating 10,000,000 rounds...
2026-01-21 10:55:41,369 - cohezion.db.surreal_client - INFO - Connected to SurrealDB at ws://localhost:8000/rpc
2026-01-21 10:55:52,411 - FractalNexus - INFO - Iteration 158: Simulating 10,000,000 rounds...
2026-01-21 10:55:53,287 - cohezion.db.surreal_client - INFO - Connected to SurrealDB at ws://localhost:8000/rpc
2026-01-21 10:56:04,314 - FractalNexus - INFO - Iteration 159: Simulating 10,000,000 rounds...
2026-01-21 10:56:05,182 - cohezion.db.surreal_client - INFO - Connected to SurrealDB at ws://localhost:8000/rpc
2026-01-21 10:56:16,215 - FractalNexus - INFO - Iteration 160: Simulating 10,000,000 rounds...
2026-01-21 10:56:18,135 - cohezion.db.surreal_client - INFO - Connected to SurrealDB at ws://localhost:8000/rpc
2026-01-21 10:56:29,166 - FractalNexus - INFO - Iteration 161: Simulating 10,000,000 rounds...
2026-01-21 10:56:30,039 - cohezion.db.surreal_client - INFO - Connected to SurrealDB at ws://localhost:8000/rpc
2026-01-21 10:56:41,070 - FractalNexus - INFO - Iteration 162: Simulating 10,000,000 rounds...
2026-01-21 10:56:41,948 - cohezion.db.surreal_client - INFO - Connected to SurrealDB at ws://localhost:8000/rpc
2026-01-21 10:56:52,980 - FractalNexus - INFO - Iteration 163: Simulating 10,000,000 rounds...
2026-01-21 10:56:53,861 - cohezion.db.surreal_client - INFO - Connected to SurrealDB at ws://localhost:8000/rpc
2026-01-21 10:57:04,886 - FractalNexus - INFO - Iteration 164: Simulating 10,000,000 rounds...
2026-01-21 10:57:05,759 - cohezion.db.surreal_client - INFO - Connected to SurrealDB at ws://localhost:8000/rpc
2026-01-21 10:57:16,789 - FractalNexus - INFO - Iteration 165: Simulating 10,000,000 rounds...
2026-01-21 10:57:18,706 - cohezion.db.surreal_client - INFO - Connected to SurrealDB at ws://localhost:8000/rpc
2026-01-21 10:57:29,756 - FractalNexus - INFO - Iteration 166: Simulating 10,000,000 rounds...
2026-01-21 10:57:30,627 - cohezion.db.surreal_client - INFO - Connected to SurrealDB at ws://localhost:8000/rpc
2026-01-21 10:57:41,659 - FractalNexus - INFO - Iteration 167: Simulating 10,000,000 rounds...
2026-01-21 10:57:42,537 - cohezion.db.surreal_client - INFO - Connected to SurrealDB at ws://localhost:8000/rpc
2026-01-21 10:57:53,594 - FractalNexus - INFO - Iteration 168: Simulating 10,000,000 rounds...

🚀 Starting mass simulation of 10,000,000 HIHO states...
✅ Simulation complete in 0.84 seconds.
📊 Identified 39,850 Stability Bright Spots.
🚀 Starting mass simulation of 10,000,000 HIHO states...
✅ Simulation complete in 0.84 seconds.
📊 Identified 39,559 Stability Bright Spots.
🚀 Starting mass simulation of 10,000,000 HIHO states...
✅ Simulation complete in 0.84 seconds.
📊 Identified 39,770 Stability Bright Spots.
🚀 Starting mass simulation of 10,000,000 HIHO states...
✅ Simulation complete in 0.84 seconds.
📊 Identified 39,946 Stability Bright Spots.
🚀 Starting mass simulation of 10,000,000 HIHO states...
✅ Simulation complete in 0.84 seconds.
📊 Identified 40,015 Stability Bright Spots.
🚀 Starting mass simulation of 10,000,000 HIHO states...
✅ Simulation complete in 0.84 seconds.
📊 Identified 39,272 Stability Bright Spots.
🚀 Starting mass simulation of 10,000,000 HIHO states...
✅ Simulation complete in 0.84 seconds.
📊 Identified 39,440 Stability Bright Spots.
🚀 Starting mass simulation of 10,000,000 HIHO states...
✅ Simulation complete in 0.85 seconds.
📊 Identified 39,601 Stability Bright Spots.
🚀 Starting mass simulation of 10,000,000 HIHO states...
✅ Simulation complete in 0.84 seconds.
📊 Identified 39,922 Stability Bright Spots.
🚀 Starting mass simulation of 10,000,000 HIHO states...
✅ Simulation complete in 0.84 seconds.
📊 Identified 39,789 Stability Bright Spots.
🚀 Starting mass simulation of 10,000,000 HIHO states...
✅ Simulation complete in 0.84 seconds.
📊 Identified 39,796 Stability Bright Spots.
🚀 Starting mass simulation of 10,000,000 HIHO states...
✅ Simulation complete in 0.84 seconds.
📊 Identified 39,571 Stability Bright Spots.
🚀 Starting mass simulation of 10,000,000 HIHO states...
✅ Simulation complete in 0.83 seconds.
📊 Identified 39,773 Stability Bright Spots.
🚀 Starting mass simulation of 10,000,000 HIHO states...
✅ Simulation complete in 0.84 seconds.
📊 Identified 39,853 Stability Bright Spots.
🚀 Starting mass simulation of 10,000,000 HIHO states...
✅ Simulation complete in 0.85 seconds.
📊 Identified 39,771 Stability Bright Spots.
🚀 Starting mass simulation of 10,000,000 HIHO states...
✅ Simulation complete in 0.83 seconds.
📊 Identified 39,228 Stability Bright Spots.
🚀 Starting mass simulation of 10,000,000 HIHO states...
✅ Simulation complete in 0.84 seconds.
📊 Identified 39,613 Stability Bright Spots.
🚀 Starting mass simulation of 10,000,000 HIHO states...
✅ Simulation complete in 0.85 seconds.
📊 Identified 39,624 Stability Bright Spots.
🚀 Starting mass simulation of 10,000,000 HIHO states...
✅ Simulation complete in 0.84 seconds.
📊 Identified 39,816 Stability Bright Spots.
🚀 Starting mass simulation of 10,000,000 HIHO states...
✅ Simulation complete in 0.84 seconds.
📊 Identified 39,491 Stability Bright Spots.
🚀 Starting mass simulation of 10,000,000 HIHO states...
✅ Simulation complete in 0.83 seconds.
📊 Identified 39,738 Stability Bright Spots.
🚀 Starting mass simulation of 10,000,000 HIHO states...
✅ Simulation complete in 0.84 seconds.
📊 Identified 40,024 Stability Bright Spots.
🚀 Starting mass simulation of 10,000,000 HIHO states...
✅ Simulation complete in 0.85 seconds.
📊 Identified 39,606 Stability Bright Spots.
🚀 Starting mass simulation of 10,000,000 HIHO states...
✅ Simulation complete in 0.84 seconds.
📊 Identified 39,592 Stability Bright Spots.
🚀 Starting mass simulation of 10,000,000 HIHO states...
✅ Simulation complete in 0.84 seconds.
📊 Identified 39,755 Stability Bright Spots.
🚀 Starting mass simulation of 10,000,000 HIHO states...
✅ Simulation complete in 0.84 seconds.
📊 Identified 39,529 Stability Bright Spots.
🚀 Starting mass simulation of 10,000,000 HIHO states...
✅ Simulation complete in 0.84 seconds.
📊 Identified 39,908 Stability Bright Spots.
🚀 Starting mass simulation of 10,000,000 HIHO states...
✅ Simulation complete in 0.84 seconds.
📊 Identified 39,601 Stability Bright Spots.
🚀 Starting mass simulation of 10,000,000 HIHO states...
✅ Simulation complete in 0.84 seconds.
📊 Identified 39,261 Stability Bright Spots.
🚀 Starting mass simulation of 10,000,000 HIHO states...
✅ Simulation complete in 0.84 seconds.
📊 Identified 39,506 Stability Bright Spots.
🚀 Starting mass simulation of 10,000,000 HIHO states...
✅ Simulation complete in 0.84 seconds.
📊 Identified 39,373 Stability Bright Spots.
🚀 Starting mass simulation of 10,000,000 HIHO states...
✅ Simulation complete in 0.84 seconds.
📊 Identified 39,975 Stability Bright Spots.
🚀 Starting mass simulation of 10,000,000 HIHO states...
✅ Simulation complete in 0.84 seconds.
📊 Identified 39,348 Stability Bright Spots.
🚀 Starting mass simulation of 10,000,000 HIHO states...
✅ Simulation complete in 0.84 seconds.
📊 Identified 39,337 Stability Bright Spots.
🚀 Starting mass simulation of 10,000,000 HIHO states...
✅ Simulation complete in 0.84 seconds.
📊 Identified 39,886 Stability Bright Spots.
🚀 Starting mass simulation of 10,000,000 HIHO states...
✅ Simulation complete in 0.85 seconds.
📊 Identified 39,970 Stability Bright Spots.
🚀 Starting mass simulation of 10,000,000 HIHO states...
✅ Simulation complete in 0.84 seconds.
📊 Identified 39,617 Stability Bright Spots.
🚀 Starting mass simulation of 10,000,000 HIHO states...
✅ Simulation complete in 0.84 seconds.
📊 Identified 39,738 Stability Bright Spots.
🚀 Starting mass simulation of 10,000,000 HIHO states...
✅ Simulation complete in 0.84 seconds.
📊 Identified 39,779 Stability Bright Spots.
🚀 Starting mass simulation of 10,000,000 HIHO states...
✅ Simulation complete in 0.84 seconds.
📊 Identified 39,834 Stability Bright Spots.
🚀 Starting mass simulation of 10,000,000 HIHO states...
✅ Simulation complete in 0.84 seconds.
📊 Identified 39,765 Stability Bright Spots.
🚀 Starting mass simulation of 10,000,000 HIHO states...
✅ Simulation complete in 0.84 seconds.
📊 Identified 40,052 Stability Bright Spots.
🚀 Starting mass simulation of 10,000,000 HIHO states...
✅ Simulation complete in 0.84 seconds.
📊 Identified 39,583 Stability Bright Spots.
🚀 Starting mass simulation of 10,000,000 HIHO states...
✅ Simulation complete in 0.84 seconds.
📊 Identified 39,556 Stability Bright Spots.
🚀 Starting mass simulation of 10,000,000 HIHO states...
✅ Simulation complete in 0.84 seconds.
📊 Identified 39,732 Stability Bright Spots.
🚀 Starting mass simulation of 10,000,000 HIHO states...
✅ Simulation complete in 0.85 seconds.
📊 Identified 39,823 Stability Bright Spots.
🚀 Starting mass simulation of 10,000,000 HIHO states...
✅ Simulation complete in 0.83 seconds.
📊 Identified 39,827 Stability Bright Spots.
🚀 Starting mass simulation of 10,000,000 HIHO states...
✅ Simulation complete in 0.84 seconds.
📊 Identified 39,543 Stability Bright Spots.
🚀 Starting mass simulation of 10,000,000 HIHO states...
✅ Simulation complete in 0.84 seconds.
📊 Identified 39,608 Stability Bright Spots.
🚀 Starting mass simulation of 10,000,000 HIHO states...
✅ Simulation complete in 0.84 seconds.
📊 Identified 40,100 Stability Bright Spots.
🚀 Starting mass simulation of 10,000,000 HIHO states...
✅ Simulation complete in 0.84 seconds.
📊 Identified 39,878 Stability Bright Spots.
🚀 Starting mass simulation of 10,000,000 HIHO states...
✅ Simulation complete in 0.84 seconds.
📊 Identified 39,484 Stability Bright Spots.
🚀 Starting mass simulation of 10,000,000 HIHO states...
✅ Simulation complete in 0.84 seconds.
📊 Identified 39,307 Stability Bright Spots.
🚀 Starting mass simulation of 10,000,000 HIHO states...
✅ Simulation complete in 0.84 seconds.
📊 Identified 39,294 Stability Bright Spots.
🚀 Starting mass simulation of 10,000,000 HIHO states...
✅ Simulation complete in 0.84 seconds.
📊 Identified 40,008 Stability Bright Spots.
🚀 Starting mass simulation of 10,000,000 HIHO states...
✅ Simulation complete in 0.84 seconds.
📊 Identified 39,842 Stability Bright Spots.2026-01-21 10:57:54,474 - cohezion.db.surreal_client - INFO - Connected to SurrealDB at ws://localhost:8000/rpc
2026-01-21 10:58:05,505 - FractalNexus - INFO - Iteration 169: Simulating 10,000,000 rounds...
2026-01-21 10:58:06,378 - cohezion.db.surreal_client - INFO - Connected to SurrealDB at ws://localhost:8000/rpc
2026-01-21 10:58:17,410 - FractalNexus - INFO - Iteration 170: Simulating 10,000,000 rounds...
2026-01-21 10:58:19,328 - cohezion.db.surreal_client - INFO - Connected to SurrealDB at ws://localhost:8000/rpc
2026-01-21 10:58:30,355 - FractalNexus - INFO - Iteration 171: Simulating 10,000,000 rounds...
2026-01-21 10:58:31,248 - cohezion.db.surreal_client - INFO - Connected to SurrealDB at ws://localhost:8000/rpc
2026-01-21 10:58:42,280 - FractalNexus - INFO - Iteration 172: Simulating 10,000,000 rounds...
2026-01-21 10:58:43,159 - cohezion.db.surreal_client - INFO - Connected to SurrealDB at ws://localhost:8000/rpc
2026-01-21 10:58:54,190 - FractalNexus - INFO - Iteration 173: Simulating 10,000,000 rounds...
2026-01-21 10:58:55,082 - cohezion.db.surreal_client - INFO - Connected to SurrealDB at ws://localhost:8000/rpc
2026-01-21 10:59:06,114 - FractalNexus - INFO - Iteration 174: Simulating 10,000,000 rounds...
2026-01-21 10:59:06,983 - cohezion.db.surreal_client - INFO - Connected to SurrealDB at ws://localhost:8000/rpc
2026-01-21 10:59:18,013 - FractalNexus - INFO - Iteration 175: Simulating 10,000,000 rounds...
2026-01-21 10:59:19,924 - cohezion.db.surreal_client - INFO - Connected to SurrealDB at ws://localhost:8000/rpc
2026-01-21 10:59:30,956 - FractalNexus - INFO - Iteration 176: Simulating 10,000,000 rounds...
2026-01-21 10:59:31,848 - cohezion.db.surreal_client - INFO - Connected to SurrealDB at ws://localhost:8000/rpc
2026-01-21 10:59:42,878 - FractalNexus - INFO - Iteration 177: Simulating 10,000,000 rounds...
2026-01-21 10:59:43,740 - cohezion.db.surreal_client - INFO - Connected to SurrealDB at ws://localhost:8000/rpc
2026-01-21 10:59:54,771 - FractalNexus - INFO - Iteration 178: Simulating 10,000,000 rounds...
2026-01-21 10:59:55,649 - cohezion.db.surreal_client - INFO - Connected to SurrealDB at ws://localhost:8000/rpc
2026-01-21 11:00:06,683 - FractalNexus - INFO - Iteration 179: Simulating 10,000,000 rounds...
2026-01-21 11:00:07,573 - cohezion.db.surreal_client - INFO - Connected to SurrealDB at ws://localhost:8000/rpc
2026-01-21 11:00:18,604 - FractalNexus - INFO - Iteration 180: Simulating 10,000,000 rounds...
2026-01-21 11:00:20,502 - cohezion.db.surreal_client - INFO - Connected to SurrealDB at ws://localhost:8000/rpc
2026-01-21 11:00:31,534 - FractalNexus - INFO - Iteration 181: Simulating 10,000,000 rounds...
2026-01-21 11:00:32,425 - cohezion.db.surreal_client - INFO - Connected to SurrealDB at ws://localhost:8000/rpc
2026-01-21 11:00:43,460 - FractalNexus - INFO - Iteration 182: Simulating 10,000,000 rounds...
2026-01-21 11:00:44,351 - cohezion.db.surreal_client - INFO - Connected to SurrealDB at ws://localhost:8000/rpc
2026-01-21 11:00:55,376 - FractalNexus - INFO - Iteration 183: Simulating 10,000,000 rounds...
2026-01-21 11:00:56,245 - cohezion.db.surreal_client - INFO - Connected to SurrealDB at ws://localhost:8000/rpc
2026-01-21 11:01:07,290 - FractalNexus - INFO - Iteration 184: Simulating 10,000,000 rounds...
2026-01-21 11:01:08,185 - cohezion.db.surreal_client - INFO - Connected to SurrealDB at ws://localhost:8000/rpc
2026-01-21 11:01:19,212 - FractalNexus - INFO - Iteration 185: Simulating 10,000,000 rounds...
2026-01-21 11:01:21,113 - cohezion.db.surreal_client - INFO - Connected to SurrealDB at ws://localhost:8000/rpc
2026-01-21 11:01:32,149 - FractalNexus - INFO - Iteration 186: Simulating 10,000,000 rounds...
2026-01-21 11:01:33,040 - cohezion.db.surreal_client - INFO - Connected to SurrealDB at ws://localhost:8000/rpc
2026-01-21 11:01:44,070 - FractalNexus - INFO - Iteration 187: Simulating 10,000,000 rounds...
2026-01-21 11:01:44,931 - cohezion.db.surreal_client - INFO - Connected to SurrealDB at ws://localhost:8000/rpc
2026-01-21 11:01:55,985 - FractalNexus - INFO - Iteration 188: Simulating 10,000,000 rounds...
2026-01-21 11:01:56,853 - cohezion.db.surreal_client - INFO - Connected to SurrealDB at ws://localhost:8000/rpc
2026-01-21 11:02:07,895 - FractalNexus - INFO - Iteration 189: Simulating 10,000,000 rounds...
2026-01-21 11:02:08,766 - cohezion.db.surreal_client - INFO - Connected to SurrealDB at ws://localhost:8000/rpc
2026-01-21 11:02:19,798 - FractalNexus - INFO - Iteration 190: Simulating 10,000,000 rounds...
2026-01-21 11:02:21,726 - cohezion.db.surreal_client - INFO - Connected to SurrealDB at ws://localhost:8000/rpc
2026-01-21 11:02:32,759 - FractalNexus - INFO - Iteration 191: Simulating 10,000,000 rounds...
2026-01-21 11:02:33,642 - cohezion.db.surreal_client - INFO - Connected to SurrealDB at ws://localhost:8000/rpc
2026-01-21 11:02:44,666 - FractalNexus - INFO - Iteration 192: Simulating 10,000,000 rounds...
2026-01-21 11:02:45,545 - cohezion.db.surreal_client - INFO - Connected to SurrealDB at ws://localhost:8000/rpc
