{
  "version": "1.5.0",
  "plugins_used": [
    {
      "name": "ArtifactoryDetector"
    },
    {
      "name": "AWSKeyDetector"
    },
    {
      "name": "AzureStorageKeyDetector"
    },
    {
      "name": "Base64HighEntropyString",
      "limit": 4.5
    },
    {
      "name": "BasicAuthDetector"
    },
    {
      "name": "CloudantDetector"
    },
    {
      "name": "DiscordBotTokenDetector"
    },
    {
      "name": "GitHubTokenDetector"
    },
    {
      "name": "GitLabTokenDetector"
    },
    {
      "name": "HexHighEntropyString",
      "limit": 3.0
    },
    {
      "name": "IbmCloudIamDetector"
    },
    {
      "name": "IbmCosHmacDetector"
    },
    {
      "name": "IPPublicDetector"
    },
    {
      "name": "JwtTokenDetector"
    },
    {
      "name": "KeywordDetector",
      "keyword_exclude": ""
    },
    {
      "name": "MailchimpDetector"
    },
    {
      "name": "NpmDetector"
    },
    {
      "name": "OpenAIDetector"
    },
    {
      "name": "PrivateKeyDetector"
    },
    {
      "name": "PypiTokenDetector"
    },
    {
      "name": "SendGridDetector"
    },
    {
      "name": "SlackDetector"
    },
    {
      "name": "SoftlayerDetector"
    },
    {
      "name": "SquareOAuthDetector"
    },
    {
      "name": "StripeDetector"
    },
    {
      "name": "TelegramBotTokenDetector"
    },
    {
      "name": "TwilioKeyDetector"
    }
  ],
  "filters_used": [
    {
      "path": "detect_secrets.filters.allowlist.is_line_allowlisted"
    },
    {
      "path": "detect_secrets.filters.common.is_ignored_due_to_verification_policies",
      "min_level": 2
    },
    {
      "path": "detect_secrets.filters.heuristic.is_indirect_reference"
    },
    {
      "path": "detect_secrets.filters.heuristic.is_likely_id_string"
    },
    {
      "path": "detect_secrets.filters.heuristic.is_lock_file"
    },
    {
      "path": "detect_secrets.filters.heuristic.is_not_alphanumeric_string"
    },
    {
      "path": "detect_secrets.filters.heuristic.is_potential_uuid"
    },
    {
      "path": "detect_secrets.filters.heuristic.is_prefixed_with_dollar_sign"
    },
    {
      "path": "detect_secrets.filters.heuristic.is_sequential_string"
    },
    {
      "path": "detect_secrets.filters.heuristic.is_swagger_file"
    },
    {
      "path": "detect_secrets.filters.heuristic.is_templated_secret"
    }
  ],
  "results": {
    "COMPLETE_IMPLEMENTATION_SUMMARY.md": [
      {
        "type": "Secret Keyword",
        "filename": "COMPLETE_IMPLEMENTATION_SUMMARY.md",
        "hashed_secret": "9dde1512bcc08c5a0e80c26553a4160b9d6dc116",
        "is_verified": false,
        "line_number": 100
      }
    ],
    "PHASE_2_SECURITY_HARDENING_IMPLEMENTATION_GUIDE.md": [
      {
        "type": "AWS Access Key",
        "filename": "PHASE_2_SECURITY_HARDENING_IMPLEMENTATION_GUIDE.md",
        "hashed_secret": "25910f981e85ca04baf359199dd0bd4a3ae738b6",
        "is_verified": false,
        "line_number": 706
      }
    ],
    "README_UNIVERSE_SIMULATION.md": [
      {
        "type": "Secret Keyword",
        "filename": "README_UNIVERSE_SIMULATION.md",
        "hashed_secret": "9dde1512bcc08c5a0e80c26553a4160b9d6dc116",
        "is_verified": false,
        "line_number": 29
      }
    ],
    "apps/webapp/tsconfig.node.tsbuildinfo": [
      {
        "type": "Hex High Entropy String",
        "filename": "apps/webapp/tsconfig.node.tsbuildinfo",
        "hashed_secret": "0033cbc752a67a34f0441e5af7a67e29bf5209e5",
        "is_verified": false,
        "line_number": 1
      },
      {
        "type": "Hex High Entropy String",
        "filename": "apps/webapp/tsconfig.node.tsbuildinfo",
        "hashed_secret": "00bd99a2bca4d2653c7764951fa88d21dff72a56",
        "is_verified": false,
        "line_number": 1
      },
      {
        "type": "Hex High Entropy String",
        "filename": "apps/webapp/tsconfig.node.tsbuildinfo",
        "hashed_secret": "01f51a1d1addad3b4a5b01369b4ab4719c297cce",
        "is_verified": false,
        "line_number": 1
      },
      {
        "type": "Hex High Entropy String",
        "filename": "apps/webapp/tsconfig.node.tsbuildinfo",
        "hashed_secret": "0202e303b4632220e256075c82d7404e11268e17",
        "is_verified": false,
        "line_number": 1
      },
      {
        "type": "Hex High Entropy String",
        "filename": "apps/webapp/tsconfig.node.tsbuildinfo",
        "hashed_secret": "02522a89c14680cc86a25686e513c7116b43bf5a",
        "is_verified": false,
        "line_number": 1
      },
      {
        "type": "Hex High Entropy String",
        "filename": "apps/webapp/tsconfig.node.tsbuildinfo",
        "hashed_secret": "02f5f1d408cc8985ddc9a41952f693f73db1f7ed",
        "is_verified": false,
        "line_number": 1
      },
      {
        "type": "Hex High Entropy String",
        "filename": "apps/webapp/tsconfig.node.tsbuildinfo",
        "hashed_secret": "03b47213d27b1bbf27ef41b0fdb6dbfd81701a4e",
        "is_verified": false,
        "line_number": 1
      },
      {
        "type": "Hex High Entropy String",
        "filename": "apps/webapp/tsconfig.node.tsbuildinfo",
        "hashed_secret": "05cacd8ccd6d2c2c0a958be0889f0826f2cfb0de",
        "is_verified": false,
        "line_number": 1
      },
      {
        "type": "Hex High Entropy String",
        "filename": "apps/webapp/tsconfig.node.tsbuildinfo",
        "hashed_secret": "069624072b09bb34ea2846767b199bd688058cdb",
        "is_verified": false,
        "line_number": 1
      },
      {
        "type": "Hex High Entropy String",
        "filename": "apps/webapp/tsconfig.node.tsbuildinfo",
        "hashed_secret": "070cee1657450fd646e34ecb870aa767205b49e0",
        "is_verified": false,
        "line_number": 1
      },
      {
        "type": "Hex High Entropy String",
        "filename": "apps/webapp/tsconfig.node.tsbuildinfo",
        "hashed_secret": "072aefc8e0d0c8cec2df29f6bc7a6f48eaa16adf",
        "is_verified": false,
        "line_number": 1
      },
      {
        "type": "Hex High Entropy String",
        "filename": "apps/webapp/tsconfig.node.tsbuildinfo",
        "hashed_secret": "0737a2537574af7dbe1abf48214c2da26075be87",
        "is_verified": false,
        "line_number": 1
      },
      {
        "type": "Hex High Entropy String",
        "filename": "apps/webapp/tsconfig.node.tsbuildinfo",
        "hashed_secret": "085fecbe49f1e955d4f00a08c3812738be5e9ea2",
        "is_verified": false,
        "line_number": 1
      },
      {
        "type": "Hex High Entropy String",
        "filename": "apps/webapp/tsconfig.node.tsbuildinfo",
        "hashed_secret": "0b59dc835f0ca02edbe8ba6ffa6d2a77b9343553",
        "is_verified": false,
        "line_number": 1
      },
      {
        "type": "Hex High Entropy String",
        "filename": "apps/webapp/tsconfig.node.tsbuildinfo",
        "hashed_secret": "0e294a2f386f10335c94d2f41420fc3b4de4f2f4",
        "is_verified": false,
        "line_number": 1
      },
      {
        "type": "Hex High Entropy String",
        "filename": "apps/webapp/tsconfig.node.tsbuildinfo",
        "hashed_secret": "10467a57f9236f15598d1a88187964895683f9d0",
        "is_verified": false,
        "line_number": 1
      },
      {
        "type": "Hex High Entropy String",
        "filename": "apps/webapp/tsconfig.node.tsbuildinfo",
        "hashed_secret": "1383dbcdbf8433a02f7a1e643bfe0d9923129ce9",
        "is_verified": false,
        "line_number": 1
      },
      {
        "type": "Hex High Entropy String",
        "filename": "apps/webapp/tsconfig.node.tsbuildinfo",
        "hashed_secret": "142f661c847196333a0766ce16d506093515afd6",
        "is_verified": false,
        "line_number": 1
      },
      {
        "type": "Hex High Entropy String",
        "filename": "apps/webapp/tsconfig.node.tsbuildinfo",
        "hashed_secret": "151ac9f14353e268c20e18b64ce82e17779d74a8",
        "is_verified": false,
        "line_number": 1
      },
      {
        "type": "Hex High Entropy String",
        "filename": "apps/webapp/tsconfig.node.tsbuildinfo",
        "hashed_secret": "15c47f1ecfd81dd18d988b95a60a133e60d928a4",
        "is_verified": false,
        "line_number": 1
      },
      {
        "type": "Hex High Entropy String",
        "filename": "apps/webapp/tsconfig.node.tsbuildinfo",
        "hashed_secret": "16cfefad5ae9253db0008dca6e755987e41b3fc0",
        "is_verified": false,
        "line_number": 1
      },
      {
        "type": "Hex High Entropy String",
        "filename": "apps/webapp/tsconfig.node.tsbuildinfo",
        "hashed_secret": "18654b1f673de5d0dd1ee4604b8ff244ad7c2144",
        "is_verified": false,
        "line_number": 1
      },
      {
        "type": "Hex High Entropy String",
        "filename": "apps/webapp/tsconfig.node.tsbuildinfo",
        "hashed_secret": "18e0510c235115291ca135d93234a09b6914ea37",
        "is_verified": false,
        "line_number": 1
      },
      {
        "type": "Hex High Entropy String",
        "filename": "apps/webapp/tsconfig.node.tsbuildinfo",
        "hashed_secret": "1c7e0bab5fc79241f2b701e3ff3ee4c341d9a8df",
        "is_verified": false,
        "line_number": 1
      },
      {
        "type": "Hex High Entropy String",
        "filename": "apps/webapp/tsconfig.node.tsbuildinfo",
        "hashed_secret": "1ddb480dbe79c796bc61ba152bf4a3f58d84f2bc",
        "is_verified": false,
        "line_number": 1
      },
      {
        "type": "Hex High Entropy String",
        "filename": "apps/webapp/tsconfig.node.tsbuildinfo",
        "hashed_secret": "1e258b4f3206180592f1db112634a2fa36a057fa",
        "is_verified": false,
        "line_number": 1
      },
      {
        "type": "Hex High Entropy String",
        "filename": "apps/webapp/tsconfig.node.tsbuildinfo",
        "hashed_secret": "1e6bfe60b9c401cd85d45920833dbde63ab6c829",
        "is_verified": false,
        "line_number": 1
      },
      {
        "type": "Hex High Entropy String",
        "filename": "apps/webapp/tsconfig.node.tsbuildinfo",
        "hashed_secret": "1f6fedbe3a9f9d3ec4308915b341b7d8066087e4",
        "is_verified": false,
        "line_number": 1
      },
      {
        "type": "Hex High Entropy String",
        "filename": "apps/webapp/tsconfig.node.tsbuildinfo",
        "hashed_secret": "1fb06f703a09d4d077a165b39602cd0991ad15e6",
        "is_verified": false,
        "line_number": 1
      },
      {
        "type": "Hex High Entropy String",
        "filename": "apps/webapp/tsconfig.node.tsbuildinfo",
        "hashed_secret": "1fc1df29e64ca11744b46f6931aec7027d17aec1",
        "is_verified": false,
        "line_number": 1
      },
      {
        "type": "Hex High Entropy String",
        "filename": "apps/webapp/tsconfig.node.tsbuildinfo",
        "hashed_secret": "202bdcba05b12f4ed9c3abd5142ea5fb2de3f587",
        "is_verified": false,
        "line_number": 1
      },
      {
        "type": "Hex High Entropy String",
        "filename": "apps/webapp/tsconfig.node.tsbuildinfo",
        "hashed_secret": "20a0858f35fe5352f838d695ad87bd3cb7535caf",
        "is_verified": false,
        "line_number": 1
      },
      {
        "type": "Hex High Entropy String",
        "filename": "apps/webapp/tsconfig.node.tsbuildinfo",
        "hashed_secret": "20d25104cb274399bba9da9d17558e08db99d2d5",
        "is_verified": false,
        "line_number": 1
      },
      {
        "type": "Hex High Entropy String",
        "filename": "apps/webapp/tsconfig.node.tsbuildinfo",
        "hashed_secret": "20d63c717f5ee7813502214e29a1ad5f70242666",
        "is_verified": false,
        "line_number": 1
      },
      {
        "type": "Hex High Entropy String",
        "filename": "apps/webapp/tsconfig.node.tsbuildinfo",
        "hashed_secret": "23755141a4686c9b1618a56bf93bd0e4712c7223",
        "is_verified": false,
        "line_number": 1
      },
      {
        "type": "Hex High Entropy String",
        "filename": "apps/webapp/tsconfig.node.tsbuildinfo",
        "hashed_secret": "23871980b0794b02c34b0b40e8a8104b51f7c045",
        "is_verified": false,
        "line_number": 1
      },
      {
        "type": "Hex High Entropy String",
        "filename": "apps/webapp/tsconfig.node.tsbuildinfo",
        "hashed_secret": "25a9e9e1a90f261fa87934d1a6980a3d47e2df92",
        "is_verified": false,
        "line_number": 1
      },
      {
        "type": "Hex High Entropy String",
        "filename": "apps/webapp/tsconfig.node.tsbuildinfo",
        "hashed_secret": "27ff3b7d027c3baa530fc1c2e0f2ec5854625d25",
        "is_verified": false,
        "line_number": 1
      },
      {
        "type": "Hex High Entropy String",
        "filename": "apps/webapp/tsconfig.node.tsbuildinfo",
        "hashed_secret": "2940bc68fd0b3b5b3b5d3c547450b5a2d705b8c2",
        "is_verified": false,
        "line_number": 1
      },
      {
        "type": "Hex High Entropy String",
        "filename": "apps/webapp/tsconfig.node.tsbuildinfo",
        "hashed_secret": "29dc0ae1a12ef5f35c87dc35c302d26b2a4d04b7",
        "is_verified": false,
        "line_number": 1
      },
      {
        "type": "Hex High Entropy String",
        "filename": "apps/webapp/tsconfig.node.tsbuildinfo",
        "hashed_secret": "2b119755ba0fb1eccd3bd5a647942e8457dccc59",
        "is_verified": false,
        "line_number": 1
      },
      {
        "type": "Hex High Entropy String",
        "filename": "apps/webapp/tsconfig.node.tsbuildinfo",
        "hashed_secret": "2b78dedf3da53ee1a6e9319a6f002b8c805e6e0b",
        "is_verified": false,
        "line_number": 1
      },
      {
        "type": "Hex High Entropy String",
        "filename": "apps/webapp/tsconfig.node.tsbuildinfo",
        "hashed_secret": "2c4162dc5c3d6d7f71071207a90e980f821462bf",
        "is_verified": false,
        "line_number": 1
      },
      {
        "type": "Hex High Entropy String",
        "filename": "apps/webapp/tsconfig.node.tsbuildinfo",
        "hashed_secret": "2c9cc8c5299f430c0869604202979c3926008938",
        "is_verified": false,
        "line_number": 1
      },
      {
        "type": "Hex High Entropy String",
        "filename": "apps/webapp/tsconfig.node.tsbuildinfo",
        "hashed_secret": "2dd8ac7db2f74cb3af07ec466982a9cd647c6729",
        "is_verified": false,
        "line_number": 1
      },
      {
        "type": "Hex High Entropy String",
        "filename": "apps/webapp/tsconfig.node.tsbuildinfo",
        "hashed_secret": "31c362571e5bfc569bfd8235b284014341c7f481",
        "is_verified": false,
        "line_number": 1
      },
      {
        "type": "Hex High Entropy String",
        "filename": "apps/webapp/tsconfig.node.tsbuildinfo",
        "hashed_secret": "3311e0baaae5a450ae995b38f6df55b450e04da8",
        "is_verified": false,
        "line_number": 1
      },
      {
        "type": "Hex High Entropy String",
        "filename": "apps/webapp/tsconfig.node.tsbuildinfo",
        "hashed_secret": "336774727c6c88814bfc4e9aab55706afb3e1c98",
        "is_verified": false,
        "line_number": 1
      },
      {
        "type": "Hex High Entropy String",
        "filename": "apps/webapp/tsconfig.node.tsbuildinfo",
        "hashed_secret": "33bc71f4fb0d20599d56d6cea25497e2a56f3156",
        "is_verified": false,
        "line_number": 1
      },
      {
        "type": "Hex High Entropy String",
        "filename": "apps/webapp/tsconfig.node.tsbuildinfo",
        "hashed_secret": "35189bca30c3a5a09c765ed65c1219f22fa233d4",
        "is_verified": false,
        "line_number": 1
      },
      {
        "type": "Hex High Entropy String",
        "filename": "apps/webapp/tsconfig.node.tsbuildinfo",
        "hashed_secret": "3657e0fa5f8e72a1899b70461d75cc132c7faf7a",
        "is_verified": false,
        "line_number": 1
      },
      {
        "type": "Hex High Entropy String",
        "filename": "apps/webapp/tsconfig.node.tsbuildinfo",
        "hashed_secret": "366c127d10caed9d3370b1d957e08604c5361a65",
        "is_verified": false,
        "line_number": 1
      },
      {
        "type": "Hex High Entropy String",
        "filename": "apps/webapp/tsconfig.node.tsbuildinfo",
        "hashed_secret": "37df4dfd810c79357d02a92f32c6dcad4b10c669",
        "is_verified": false,
        "line_number": 1
      },
      {
        "type": "Hex High Entropy String",
        "filename": "apps/webapp/tsconfig.node.tsbuildinfo",
        "hashed_secret": "388edeeccf4330965d83627e105de1c5249c9731",
        "is_verified": false,
        "line_number": 1
      },
      {
        "type": "Hex High Entropy String",
        "filename": "apps/webapp/tsconfig.node.tsbuildinfo",
        "hashed_secret": "397e3246b3ec2738831233ed74e4356317ec09ec",
        "is_verified": false,
        "line_number": 1
      },
      {
        "type": "Hex High Entropy String",
        "filename": "apps/webapp/tsconfig.node.tsbuildinfo",
        "hashed_secret": "39c883b795fb506d51967cc63aca6c9ad0fa9bb4",
        "is_verified": false,
        "line_number": 1
      },
      {
        "type": "Hex High Entropy String",
        "filename": "apps/webapp/tsconfig.node.tsbuildinfo",
        "hashed_secret": "3acc12a7cc2e63901c38f96657009e172367407c",
        "is_verified": false,
        "line_number": 1
      },
      {
        "type": "Hex High Entropy String",
        "filename": "apps/webapp/tsconfig.node.tsbuildinfo",
        "hashed_secret": "3b966d8fc57f73abd8679a2f29e1ca9aa6b0df75",
        "is_verified": false,
        "line_number": 1
      },
      {
        "type": "Hex High Entropy String",
        "filename": "apps/webapp/tsconfig.node.tsbuildinfo",
        "hashed_secret": "3f582c4cf6f2412d3285fde4403e9967fbcdd6a4",
        "is_verified": false,
        "line_number": 1
      },
      {
        "type": "Hex High Entropy String",
        "filename": "apps/webapp/tsconfig.node.tsbuildinfo",
        "hashed_secret": "40446ae06d110ec4217c744100d1f86e5fd6c4ab",
        "is_verified": false,
        "line_number": 1
      },
      {
        "type": "Hex High Entropy String",
        "filename": "apps/webapp/tsconfig.node.tsbuildinfo",
        "hashed_secret": "40473b1974a24d70044a801a26f4dac6451107ae",
        "is_verified": false,
        "line_number": 1
      },
      {
        "type": "Hex High Entropy String",
        "filename": "apps/webapp/tsconfig.node.tsbuildinfo",
        "hashed_secret": "41f47033accce869d6b8d09df9888da6cbeab9b3",
        "is_verified": false,
        "line_number": 1
      },
      {
        "type": "Hex High Entropy String",
        "filename": "apps/webapp/tsconfig.node.tsbuildinfo",
        "hashed_secret": "43729b326063ddb336bf8eef870d2f0938a52170",
        "is_verified": false,
        "line_number": 1
      },
      {
        "type": "Hex High Entropy String",
        "filename": "apps/webapp/tsconfig.node.tsbuildinfo",
        "hashed_secret": "439aee150227e4375ccc59459607ca4151640f8f",
        "is_verified": false,
        "line_number": 1
      },
      {
        "type": "Hex High Entropy String",
        "filename": "apps/webapp/tsconfig.node.tsbuildinfo",
        "hashed_secret": "43e521f3890d403d81d0b25668341cbb05f60321",
        "is_verified": false,
        "line_number": 1
      },
      {
        "type": "Hex High Entropy String",
        "filename": "apps/webapp/tsconfig.node.tsbuildinfo",
        "hashed_secret": "4529aea9ddb362f33871ceac49ffb66b05f947bf",
        "is_verified": false,
        "line_number": 1
      },
      {
        "type": "Hex High Entropy String",
        "filename": "apps/webapp/tsconfig.node.tsbuildinfo",
        "hashed_secret": "4573d951d03f0f3f245f22c8b682921155c85f9e",
        "is_verified": false,
        "line_number": 1
      },
      {
        "type": "Hex High Entropy String",
        "filename": "apps/webapp/tsconfig.node.tsbuildinfo",
        "hashed_secret": "475e2cbf94cb21cfeed0899125ab6d6f05c70735",
        "is_verified": false,
        "line_number": 1
      },
      {
        "type": "Hex High Entropy String",
        "filename": "apps/webapp/tsconfig.node.tsbuildinfo",
        "hashed_secret": "475fb2bd24ed3cc778ed6f1bbbf956668131170c",
        "is_verified": false,
        "line_number": 1
      },
      {
        "type": "Hex High Entropy String",
        "filename": "apps/webapp/tsconfig.node.tsbuildinfo",
        "hashed_secret": "49382202513dceb45fafd827ae42fa7ecd44bb9e",
        "is_verified": false,
        "line_number": 1
      },
      {
        "type": "Hex High Entropy String",
        "filename": "apps/webapp/tsconfig.node.tsbuildinfo",
        "hashed_secret": "4a8d8f204f222a130712b4b199b91f3a2abeee8f",
        "is_verified": false,
        "line_number": 1
      },
      {
        "type": "Hex High Entropy String",
        "filename": "apps/webapp/tsconfig.node.tsbuildinfo",
        "hashed_secret": "4a8e13676174b2d1d52e4eb832bd3dd8b6a684d6",
        "is_verified": false,
        "line_number": 1
      },
      {
        "type": "Hex High Entropy String",
        "filename": "apps/webapp/tsconfig.node.tsbuildinfo",
        "hashed_secret": "4add909af8f6976c0089ecb41fb3f97331cc68c9",
        "is_verified": false,
        "line_number": 1
      },
      {
        "type": "Hex High Entropy String",
        "filename": "apps/webapp/tsconfig.node.tsbuildinfo",
        "hashed_secret": "4b1a4cb577dbc41fb8d7c6ecbf3d11889272c4ea",
        "is_verified": false,
        "line_number": 1
      },
      {
        "type": "Hex High Entropy String",
        "filename": "apps/webapp/tsconfig.node.tsbuildinfo",
        "hashed_secret": "4c48c69099b898b8fda6e36c1c9f324d6b5f8824",
        "is_verified": false,
        "line_number": 1
      },
      {
        "type": "Hex High Entropy String",
        "filename": "apps/webapp/tsconfig.node.tsbuildinfo",
        "hashed_secret": "4ca6fcf9004adf1cd51b65c0b5b17feea1c39e73",
        "is_verified": false,
        "line_number": 1
      },
      {
        "type": "Hex High Entropy String",
        "filename": "apps/webapp/tsconfig.node.tsbuildinfo",
        "hashed_secret": "4f5f661cee0e3623082ff606b6e4f9900698d38e",
        "is_verified": false,
        "line_number": 1
      },
      {
        "type": "Hex High Entropy String",
        "filename": "apps/webapp/tsconfig.node.tsbuildinfo",
        "hashed_secret": "4f5fadb2238064dd4a3aaacfc624c4c903058aac",
        "is_verified": false,
        "line_number": 1
      },
      {
        "type": "Hex High Entropy String",
        "filename": "apps/webapp/tsconfig.node.tsbuildinfo",
        "hashed_secret": "52f1d4b36814a90b14f430865762c44d36bfc269",
        "is_verified": false,
        "line_number": 1
      },
      {
        "type": "Hex High Entropy String",
        "filename": "apps/webapp/tsconfig.node.tsbuildinfo",
        "hashed_secret": "530a97ae90cc810117cd0754e929596f7821d9b9",
        "is_verified": false,
        "line_number": 1
      },
      {
        "type": "Hex High Entropy String",
        "filename": "apps/webapp/tsconfig.node.tsbuildinfo",
        "hashed_secret": "53cc57fd9f0303621225817a55de00c9f2d9753f",
        "is_verified": false,
        "line_number": 1
      },
      {
        "type": "Hex High Entropy String",
        "filename": "apps/webapp/tsconfig.node.tsbuildinfo",
        "hashed_secret": "54140631d58878effbb472062478e37c4cba79e5",
        "is_verified": false,
        "line_number": 1
      },
      {
        "type": "Hex High Entropy String",
        "filename": "apps/webapp/tsconfig.node.tsbuildinfo",
        "hashed_secret": "56391d8f7c5288b594b1bb68be24f946f4232cd2",
        "is_verified": false,
        "line_number": 1
      },
      {
        "type": "Hex High Entropy String",
        "filename": "apps/webapp/tsconfig.node.tsbuildinfo",
        "hashed_secret": "571538d35dd747e0936d91b62ad9ffb9b3d0c9c4",
        "is_verified": false,
        "line_number": 1
      },
      {
        "type": "Hex High Entropy String",
        "filename": "apps/webapp/tsconfig.node.tsbuildinfo",
        "hashed_secret": "58202c6a71f90624184b16f9f0f5ba0ab4e432fc",
        "is_verified": false,
        "line_number": 1
      },
      {
        "type": "Hex High Entropy String",
        "filename": "apps/webapp/tsconfig.node.tsbuildinfo",
        "hashed_secret": "5874db6584be92ba08f7c2f4ed6d4d0559f408de",
        "is_verified": false,
        "line_number": 1
      },
      {
        "type": "Hex High Entropy String",
        "filename": "apps/webapp/tsconfig.node.tsbuildinfo",
        "hashed_secret": "599d10af61e35eda1b02d902463b59371fea338f",
        "is_verified": false,
        "line_number": 1
      },
      {
        "type": "Hex High Entropy String",
        "filename": "apps/webapp/tsconfig.node.tsbuildinfo",
        "hashed_secret": "5aacf0c0ce98a7503443b4dc12a9b12ee2b6e497",
        "is_verified": false,
        "line_number": 1
      },
      {
        "type": "Hex High Entropy String",
        "filename": "apps/webapp/tsconfig.node.tsbuildinfo",
        "hashed_secret": "5b280de07ae021afcf2b9aab1127bf92bb877668",
        "is_verified": false,
        "line_number": 1
      },
      {
        "type": "Hex High Entropy String",
        "filename": "apps/webapp/tsconfig.node.tsbuildinfo",
        "hashed_secret": "5b6caaac7a60f69eb3a7fc372e63c0fc6374868d",
        "is_verified": false,
        "line_number": 1
      },
      {
        "type": "Hex High Entropy String",
        "filename": "apps/webapp/tsconfig.node.tsbuildinfo",
        "hashed_secret": "5bb3255fda59e75d15a0faabfb679d31dc477942",
        "is_verified": false,
        "line_number": 1
      },
      {
        "type": "Hex High Entropy String",
        "filename": "apps/webapp/tsconfig.node.tsbuildinfo",
        "hashed_secret": "5be4a7008866742a075795f7fd213585498dca66",
        "is_verified": false,
        "line_number": 1
      },
      {
        "type": "Hex High Entropy String",
        "filename": "apps/webapp/tsconfig.node.tsbuildinfo",
        "hashed_secret": "5beaf8c199af8303c8b96f904f578106157a7e03",
        "is_verified": false,
        "line_number": 1
      },
      {
        "type": "Hex High Entropy String",
        "filename": "apps/webapp/tsconfig.node.tsbuildinfo",
        "hashed_secret": "5d103f396c07543942971dc37954cc138b923638",
        "is_verified": false,
        "line_number": 1
      },
      {
        "type": "Hex High Entropy String",
        "filename": "apps/webapp/tsconfig.node.tsbuildinfo",
        "hashed_secret": "5d476cc5c3e807412e9de215b816a7e5e8114ddb",
        "is_verified": false,
        "line_number": 1
      },
      {
        "type": "Hex High Entropy String",
        "filename": "apps/webapp/tsconfig.node.tsbuildinfo",
        "hashed_secret": "5d8d37553b94f4e30195149695f80c6d7f0fc357",
        "is_verified": false,
        "line_number": 1
      },
      {
        "type": "Hex High Entropy String",
        "filename": "apps/webapp/tsconfig.node.tsbuildinfo",
        "hashed_secret": "5dcfda33056889924fee8496a4dacb1d4666ca0a",
        "is_verified": false,
        "line_number": 1
      },
      {
        "type": "Hex High Entropy String",
        "filename": "apps/webapp/tsconfig.node.tsbuildinfo",
        "hashed_secret": "5e0d9062964c73cb0854845446d27df9863cf312",
        "is_verified": false,
        "line_number": 1
      },
      {
        "type": "Hex High Entropy String",
        "filename": "apps/webapp/tsconfig.node.tsbuildinfo",
        "hashed_secret": "5e5eb5a1c35f299ca1db85d46d71ca9e49981a68",
        "is_verified": false,
        "line_number": 1
      },
      {
        "type": "Hex High Entropy String",
        "filename": "apps/webapp/tsconfig.node.tsbuildinfo",
        "hashed_secret": "60852f3db368874459240cc8dfdf7b8df1cf0f5e",
        "is_verified": false,
        "line_number": 1
      },
      {
        "type": "Hex High Entropy String",
        "filename": "apps/webapp/tsconfig.node.tsbuildinfo",
        "hashed_secret": "61cc9d79445fcbcb7c047da51c2cacddc8980128",
        "is_verified": false,
        "line_number": 1
      },
      {
        "type": "Hex High Entropy String",
        "filename": "apps/webapp/tsconfig.node.tsbuildinfo",
        "hashed_secret": "62e374ef28ad878b370bcb04bb143593484df1f5",
        "is_verified": false,
        "line_number": 1
      },
      {
        "type": "Hex High Entropy String",
        "filename": "apps/webapp/tsconfig.node.tsbuildinfo",
        "hashed_secret": "630ecc9b4f675c104bbe7815d666dad558c4ebc0",
        "is_verified": false,
        "line_number": 1
      },
      {
        "type": "Hex High Entropy String",
        "filename": "apps/webapp/tsconfig.node.tsbuildinfo",
        "hashed_secret": "641c7c8613655c2750dcee202b1e2d9f4516f219",
        "is_verified": false,
        "line_number": 1
      },
      {
        "type": "Hex High Entropy String",
        "filename": "apps/webapp/tsconfig.node.tsbuildinfo",
        "hashed_secret": "64f8afd56de9abfd601732b59eec3f93e33dcf20",
        "is_verified": false,
        "line_number": 1
      },
      {
        "type": "Hex High Entropy String",
        "filename": "apps/webapp/tsconfig.node.tsbuildinfo",
        "hashed_secret": "67feb82cfa93ecce575ba0b89882880a982ef1a3",
        "is_verified": false,
        "line_number": 1
      },
      {
        "type": "Hex High Entropy String",
        "filename": "apps/webapp/tsconfig.node.tsbuildinfo",
        "hashed_secret": "6830cb70aff45d9c1121433a7133168b99ef877e",
        "is_verified": false,
        "line_number": 1
      },
      {
        "type": "Hex High Entropy String",
        "filename": "apps/webapp/tsconfig.node.tsbuildinfo",
        "hashed_secret": "68b4b0a7e69b61e3f2e4abac59711a6311945eeb",
        "is_verified": false,
        "line_number": 1
      },
      {
        "type": "Hex High Entropy String",
        "filename": "apps/webapp/tsconfig.node.tsbuildinfo",
        "hashed_secret": "6966222fd0a0716b765397b6adc3e5baf13f2341",
        "is_verified": false,
        "line_number": 1
      },
      {
        "type": "Hex High Entropy String",
        "filename": "apps/webapp/tsconfig.node.tsbuildinfo",
        "hashed_secret": "698c87e4fc8cedc5400a14f8d6a67b70d60df49e",
        "is_verified": false,
        "line_number": 1
      },
      {
        "type": "Hex High Entropy String",
        "filename": "apps/webapp/tsconfig.node.tsbuildinfo",
        "hashed_secret": "6a5800bab65ffd7377e86032fb859aa31a1736bc",
        "is_verified": false,
        "line_number": 1
      },
      {
        "type": "Hex High Entropy String",
        "filename": "apps/webapp/tsconfig.node.tsbuildinfo",
        "hashed_secret": "6bef36d3d22ae603dcdca1d1a57f93605da0e5c7",
        "is_verified": false,
        "line_number": 1
      },
      {
        "type": "Hex High Entropy String",
        "filename": "apps/webapp/tsconfig.node.tsbuildinfo",
        "hashed_secret": "6c1f1988a162a5b0656c29bddf4d09a97cbaed30",
        "is_verified": false,
        "line_number": 1
      },
      {
        "type": "Hex High Entropy String",
        "filename": "apps/webapp/tsconfig.node.tsbuildinfo",
        "hashed_secret": "6cd92664966b823838284032f062d9ffcbe87b7f",
        "is_verified": false,
        "line_number": 1
      },
      {
        "type": "Hex High Entropy String",
        "filename": "apps/webapp/tsconfig.node.tsbuildinfo",
        "hashed_secret": "6ce004622e7b00d0ba26c1e0fe1c85ac8208d1f2",
        "is_verified": false,
        "line_number": 1
      },
      {
        "type": "Hex High Entropy String",
        "filename": "apps/webapp/tsconfig.node.tsbuildinfo",
        "hashed_secret": "6cfc52d5fe1f110cb9c6cd0fae70f756906a0fe2",
        "is_verified": false,
        "line_number": 1
      },
      {
        "type": "Hex High Entropy String",
        "filename": "apps/webapp/tsconfig.node.tsbuildinfo",
        "hashed_secret": "6d8da89636d3c84057d1061f7a16d1c422e04d87",
        "is_verified": false,
        "line_number": 1
      },
      {
        "type": "Hex High Entropy String",
        "filename": "apps/webapp/tsconfig.node.tsbuildinfo",
        "hashed_secret": "6dd0b0eaf0a3c51376aab900e6c9aa9bb2db2f6a",
        "is_verified": false,
        "line_number": 1
      },
      {
        "type": "Hex High Entropy String",
        "filename": "apps/webapp/tsconfig.node.tsbuildinfo",
        "hashed_secret": "6e3de417bf2cf52c27342e02f5f460dac9e0e79e",
        "is_verified": false,
        "line_number": 1
      },
      {
        "type": "Hex High Entropy String",
        "filename": "apps/webapp/tsconfig.node.tsbuildinfo",
        "hashed_secret": "6e85a324f9ae5fa9219852a768748abc8552aec6",
        "is_verified": false,
        "line_number": 1
      },
      {
        "type": "Hex High Entropy String",
        "filename": "apps/webapp/tsconfig.node.tsbuildinfo",
        "hashed_secret": "6ed8603c10a0e2a5e34800a36af9877c83d22431",
        "is_verified": false,
        "line_number": 1
      },
      {
        "type": "Hex High Entropy String",
        "filename": "apps/webapp/tsconfig.node.tsbuildinfo",
        "hashed_secret": "6f42c893b3bf6dfe297b4a7a5f438934470a00dd",
        "is_verified": false,
        "line_number": 1
      },
      {
        "type": "Hex High Entropy String",
        "filename": "apps/webapp/tsconfig.node.tsbuildinfo",
        "hashed_secret": "7091f6501f5b4a63a4271eb806c69c77b82bc5c4",
        "is_verified": false,
        "line_number": 1
      },
      {
        "type": "Hex High Entropy String",
        "filename": "apps/webapp/tsconfig.node.tsbuildinfo",
        "hashed_secret": "72171a1160e9986c84dfa37f34eef30828d21104",
        "is_verified": false,
        "line_number": 1
      },
      {
        "type": "Hex High Entropy String",
        "filename": "apps/webapp/tsconfig.node.tsbuildinfo",
        "hashed_secret": "72fde00e4b7617f2ddb040feed32b509043b542a",
        "is_verified": false,
        "line_number": 1
      },
      {
        "type": "Hex High Entropy String",
        "filename": "apps/webapp/tsconfig.node.tsbuildinfo",
        "hashed_secret": "7497229188ba80a63e1767ed99039a87664a8048",
        "is_verified": false,
        "line_number": 1
      },
      {
        "type": "Hex High Entropy String",
        "filename": "apps/webapp/tsconfig.node.tsbuildinfo",
        "hashed_secret": "74f4a1a0622dbeeab45f8bca0f2cea7b811616ea",
        "is_verified": false,
        "line_number": 1
      },
      {
        "type": "Hex High Entropy String",
        "filename": "apps/webapp/tsconfig.node.tsbuildinfo",
        "hashed_secret": "7586fa0b89aa40fdd454acf43099c144de8f907a",
        "is_verified": false,
        "line_number": 1
      },
      {
        "type": "Hex High Entropy String",
        "filename": "apps/webapp/tsconfig.node.tsbuildinfo",
        "hashed_secret": "76a3d958024a3f57f12abb76ec7c29c2ece24356",
        "is_verified": false,
        "line_number": 1
      },
      {
        "type": "Hex High Entropy String",
        "filename": "apps/webapp/tsconfig.node.tsbuildinfo",
        "hashed_secret": "7852bfbff4bff8286b6a9a8a3f5ae2034eeb4a6a",
        "is_verified": false,
        "line_number": 1
      },
      {
        "type": "Hex High Entropy String",
        "filename": "apps/webapp/tsconfig.node.tsbuildinfo",
        "hashed_secret": "7864602d45ec19667d28c1cf7eebd8572ad8145f",
        "is_verified": false,
        "line_number": 1
      },
      {
        "type": "Hex High Entropy String",
        "filename": "apps/webapp/tsconfig.node.tsbuildinfo",
        "hashed_secret": "795e9dbbed7dfe3245ca97e5412e1f1241403fce",
        "is_verified": false,
        "line_number": 1
      },
      {
        "type": "Hex High Entropy String",
        "filename": "apps/webapp/tsconfig.node.tsbuildinfo",
        "hashed_secret": "7aa57362e8322c1ecca8a2dbb72cb9b44ae16fd3",
        "is_verified": false,
        "line_number": 1
      },
      {
        "type": "Hex High Entropy String",
        "filename": "apps/webapp/tsconfig.node.tsbuildinfo",
        "hashed_secret": "7ae76f14ac57bb1a5fddd13111ba5fa80b98d23a",
        "is_verified": false,
        "line_number": 1
      },
      {
        "type": "Hex High Entropy String",
        "filename": "apps/webapp/tsconfig.node.tsbuildinfo",
        "hashed_secret": "7b15ac10d28860ccb4ab31670c3ef5138794afd9",
        "is_verified": false,
        "line_number": 1
      },
      {
        "type": "Hex High Entropy String",
        "filename": "apps/webapp/tsconfig.node.tsbuildinfo",
        "hashed_secret": "7b614c925f1bff4bfe1e65437c6e79eaaa393b4d",
        "is_verified": false,
        "line_number": 1
      },
      {
        "type": "Hex High Entropy String",
        "filename": "apps/webapp/tsconfig.node.tsbuildinfo",
        "hashed_secret": "7c697c6b5054bff0326e4089ad092171c16ed01b",
        "is_verified": false,
        "line_number": 1
      },
      {
        "type": "Hex High Entropy String",
        "filename": "apps/webapp/tsconfig.node.tsbuildinfo",
        "hashed_secret": "7dd35a48b99cd5a859a07df6a461b6ee3e92269a",
        "is_verified": false,
        "line_number": 1
      },
      {
        "type": "Hex High Entropy String",
        "filename": "apps/webapp/tsconfig.node.tsbuildinfo",
        "hashed_secret": "7deaf14219f36eb6372c371bcfb490b81df813f8",
        "is_verified": false,
        "line_number": 1
      },
      {
        "type": "Hex High Entropy String",
        "filename": "apps/webapp/tsconfig.node.tsbuildinfo",
        "hashed_secret": "7f13f7ae95be74830f86870cc48b7556e6b9dcb7",
        "is_verified": false,
        "line_number": 1
      },
      {
        "type": "Hex High Entropy String",
        "filename": "apps/webapp/tsconfig.node.tsbuildinfo",
        "hashed_secret": "8048192d17fdef5fddfa9545b318c033ac8cbc5f",
        "is_verified": false,
        "line_number": 1
      },
      {
        "type": "Hex High Entropy String",
        "filename": "apps/webapp/tsconfig.node.tsbuildinfo",
        "hashed_secret": "80656511bcc9a0df05501d7ffa9a9166f9a671b0",
        "is_verified": false,
        "line_number": 1
      },
      {
        "type": "Hex High Entropy String",
        "filename": "apps/webapp/tsconfig.node.tsbuildinfo",
        "hashed_secret": "80b4414451a37667d75f0efbeac343eda0aeab3d",
        "is_verified": false,
        "line_number": 1
      },
      {
        "type": "Hex High Entropy String",
        "filename": "apps/webapp/tsconfig.node.tsbuildinfo",
        "hashed_secret": "81d0e1a775a3d33e035aafdd1e9c4ac3256115e0",
        "is_verified": false,
        "line_number": 1
      },
      {
        "type": "Hex High Entropy String",
        "filename": "apps/webapp/tsconfig.node.tsbuildinfo",
        "hashed_secret": "824cfff54f768a0a8ae86266e12c7263294558ef",
        "is_verified": false,
        "line_number": 1
      },
      {
        "type": "Hex High Entropy String",
        "filename": "apps/webapp/tsconfig.node.tsbuildinfo",
        "hashed_secret": "83d498645b82d51051b53a7b77eeebcee4129934",
        "is_verified": false,
        "line_number": 1
      },
      {
        "type": "Hex High Entropy String",
        "filename": "apps/webapp/tsconfig.node.tsbuildinfo",
        "hashed_secret": "84178fdb7fed16ed285f75bfbf5e925a1255534a",
        "is_verified": false,
        "line_number": 1
      },
      {
        "type": "Hex High Entropy String",
        "filename": "apps/webapp/tsconfig.node.tsbuildinfo",
        "hashed_secret": "8478be9c10f6a91914e4f6acb001c71e0200a107",
        "is_verified": false,
        "line_number": 1
      },
      {
        "type": "Hex High Entropy String",
        "filename": "apps/webapp/tsconfig.node.tsbuildinfo",
        "hashed_secret": "84a646aa4f162471089847139f5466556f68394c",
        "is_verified": false,
        "line_number": 1
      },
      {
        "type": "Hex High Entropy String",
        "filename": "apps/webapp/tsconfig.node.tsbuildinfo",
        "hashed_secret": "85cb8dab379a04c9aa310ba0df9f0a10c6f1d066",
        "is_verified": false,
        "line_number": 1
      },
      {
        "type": "Hex High Entropy String",
        "filename": "apps/webapp/tsconfig.node.tsbuildinfo",
        "hashed_secret": "85ff6785938cc3f37d0e70ab290f3b88dd9b4142",
        "is_verified": false,
        "line_number": 1
      },
      {
        "type": "Hex High Entropy String",
        "filename": "apps/webapp/tsconfig.node.tsbuildinfo",
        "hashed_secret": "8622140a4e9ae478a3c4dd02898e859dc82e816d",
        "is_verified": false,
        "line_number": 1
      },
      {
        "type": "Hex High Entropy String",
        "filename": "apps/webapp/tsconfig.node.tsbuildinfo",
        "hashed_secret": "864b7d960677bad5b07731beafa2b60324e37712",
        "is_verified": false,
        "line_number": 1
      },
      {
        "type": "Hex High Entropy String",
        "filename": "apps/webapp/tsconfig.node.tsbuildinfo",
        "hashed_secret": "8755660545ffd6c9dafd291070dbe5fd2fa9bde1",
        "is_verified": false,
        "line_number": 1
      },
      {
        "type": "Hex High Entropy String",
        "filename": "apps/webapp/tsconfig.node.tsbuildinfo",
        "hashed_secret": "87857b402f101cebd166ff14b564fed614309213",
        "is_verified": false,
        "line_number": 1
      },
      {
        "type": "Hex High Entropy String",
        "filename": "apps/webapp/tsconfig.node.tsbuildinfo",
        "hashed_secret": "87fb510378cc8987b13c5a1f13744e4651c1dac6",
        "is_verified": false,
        "line_number": 1
      },
      {
        "type": "Hex High Entropy String",
        "filename": "apps/webapp/tsconfig.node.tsbuildinfo",
        "hashed_secret": "89726c72a40fa4f16d4f8677af44df533b1f872e",
        "is_verified": false,
        "line_number": 1
      },
      {
        "type": "Hex High Entropy String",
        "filename": "apps/webapp/tsconfig.node.tsbuildinfo",
        "hashed_secret": "8a100c366b5643d4a3a574c1df9ff126f39e02d8",
        "is_verified": false,
        "line_number": 1
      },
      {
        "type": "Hex High Entropy String",
        "filename": "apps/webapp/tsconfig.node.tsbuildinfo",
        "hashed_secret": "8be0891004276518cc322ee48aadce74d8faf1ee",
        "is_verified": false,
        "line_number": 1
      },
      {
        "type": "Hex High Entropy String",
        "filename": "apps/webapp/tsconfig.node.tsbuildinfo",
        "hashed_secret": "8cb3085574ffd0cfeb37c3dd41dc820f23620751",
        "is_verified": false,
        "line_number": 1
      },
      {
        "type": "Hex High Entropy String",
        "filename": "apps/webapp/tsconfig.node.tsbuildinfo",
        "hashed_secret": "8cb8b52fe5893fecffc35471fb3ed69a373ea1e5",
        "is_verified": false,
        "line_number": 1
      },
      {
        "type": "Hex High Entropy String",
        "filename": "apps/webapp/tsconfig.node.tsbuildinfo",
        "hashed_secret": "8e60e3bd1fc7e57880f16d0850228652a22370fb",
        "is_verified": false,
        "line_number": 1
      },
      {
        "type": "Hex High Entropy String",
        "filename": "apps/webapp/tsconfig.node.tsbuildinfo",
        "hashed_secret": "8f3ca02bccf8e4bf3b8c32cc03ff3824b1d745a8",
        "is_verified": false,
        "line_number": 1
      },
      {
        "type": "Hex High Entropy String",
        "filename": "apps/webapp/tsconfig.node.tsbuildinfo",
        "hashed_secret": "8f759536a1be7e62951becbe8ec73a98c6c10a95",
        "is_verified": false,
        "line_number": 1
      },
      {
        "type": "Hex High Entropy String",
        "filename": "apps/webapp/tsconfig.node.tsbuildinfo",
        "hashed_secret": "903e2cdc560e1e966f2cbd205bec7c2589301c51",
        "is_verified": false,
        "line_number": 1
      },
      {
        "type": "Hex High Entropy String",
        "filename": "apps/webapp/tsconfig.node.tsbuildinfo",
        "hashed_secret": "9074ea9b93fe2da0bebb87a3163ccf40612d95b5",
        "is_verified": false,
        "line_number": 1
      },
      {
        "type": "Hex High Entropy String",
        "filename": "apps/webapp/tsconfig.node.tsbuildinfo",
        "hashed_secret": "91b4494aa979ba7090081ca55675e7b262bf2856",
        "is_verified": false,
        "line_number": 1
      },
      {
        "type": "Hex High Entropy String",
        "filename": "apps/webapp/tsconfig.node.tsbuildinfo",
        "hashed_secret": "921c827e51d849e97461243ff317500500155926",
        "is_verified": false,
        "line_number": 1
      },
      {
        "type": "Hex High Entropy String",
        "filename": "apps/webapp/tsconfig.node.tsbuildinfo",
        "hashed_secret": "9228acb5f132ae7cef44c666112eebe2bd27cce3",
        "is_verified": false,
        "line_number": 1
      },
      {
        "type": "Hex High Entropy String",
        "filename": "apps/webapp/tsconfig.node.tsbuildinfo",
        "hashed_secret": "937c79e912f18c94dcaf096372ba7678fd235566",
        "is_verified": false,
        "line_number": 1
      },
      {
        "type": "Hex High Entropy String",
        "filename": "apps/webapp/tsconfig.node.tsbuildinfo",
        "hashed_secret": "939b85c40ead8bf47058cbb912c26c053be299c1",
        "is_verified": false,
        "line_number": 1
      },
      {
        "type": "Hex High Entropy String",
        "filename": "apps/webapp/tsconfig.node.tsbuildinfo",
        "hashed_secret": "93d883288b44baffb81cc4c39d876d4441f656a6",
        "is_verified": false,
        "line_number": 1
      },
      {
        "type": "Hex High Entropy String",
        "filename": "apps/webapp/tsconfig.node.tsbuildinfo",
        "hashed_secret": "944a6cbc88a8b60a3ba25ddca9e73633ff83ad3e",
        "is_verified": false,
        "line_number": 1
      },
      {
        "type": "Hex High Entropy String",
        "filename": "apps/webapp/tsconfig.node.tsbuildinfo",
        "hashed_secret": "96511f4cea620fe827d0b7215f8b5573d7f23fa6",
        "is_verified": false,
        "line_number": 1
      },
      {
        "type": "Hex High Entropy String",
        "filename": "apps/webapp/tsconfig.node.tsbuildinfo",
        "hashed_secret": "969c47ddbd254bd76d48b683ff6a56bd646f5e0d",
        "is_verified": false,
        "line_number": 1
      },
      {
        "type": "Hex High Entropy String",
        "filename": "apps/webapp/tsconfig.node.tsbuildinfo",
        "hashed_secret": "96e406cc4ea41d8559f599b52c9257eb7f5a4488",
        "is_verified": false,
        "line_number": 1
      },
      {
        "type": "Hex High Entropy String",
        "filename": "apps/webapp/tsconfig.node.tsbuildinfo",
        "hashed_secret": "97bb275b9fe92aba5a4b32a2bb9b46788dcf3553",
        "is_verified": false,
        "line_number": 1
      },
      {
        "type": "Hex High Entropy String",
        "filename": "apps/webapp/tsconfig.node.tsbuildinfo",
        "hashed_secret": "98e9889950f5f202ff53e6302d6f1a400b3b33ac",
        "is_verified": false,
        "line_number": 1
      },
      {
        "type": "Hex High Entropy String",
        "filename": "apps/webapp/tsconfig.node.tsbuildinfo",
        "hashed_secret": "99840e2c0b6a9a6c430a072faddbeb425d5af8e6",
        "is_verified": false,
        "line_number": 1
      },
      {
        "type": "Hex High Entropy String",
        "filename": "apps/webapp/tsconfig.node.tsbuildinfo",
        "hashed_secret": "99a9e017118de14f55106a71a1dd52cabe6bb99b",
        "is_verified": false,
        "line_number": 1
      },
      {
        "type": "Hex High Entropy String",
        "filename": "apps/webapp/tsconfig.node.tsbuildinfo",
        "hashed_secret": "9aed226907a8ed79d3014f110ddad8e5be836512",
        "is_verified": false,
        "line_number": 1
      },
      {
        "type": "Hex High Entropy String",
        "filename": "apps/webapp/tsconfig.node.tsbuildinfo",
        "hashed_secret": "9b1d7b141948dde0d6ae2dee8de1867b706230f9",
        "is_verified": false,
        "line_number": 1
      },
      {
        "type": "Hex High Entropy String",
        "filename": "apps/webapp/tsconfig.node.tsbuildinfo",
        "hashed_secret": "9b9e9a11d54d3827b2da7943148af86ddb923800",
        "is_verified": false,
        "line_number": 1
      },
      {
        "type": "Hex High Entropy String",
        "filename": "apps/webapp/tsconfig.node.tsbuildinfo",
        "hashed_secret": "9bf0667e80dd9d52adc05733e9748ea759153b72",
        "is_verified": false,
        "line_number": 1
      },
      {
        "type": "Hex High Entropy String",
        "filename": "apps/webapp/tsconfig.node.tsbuildinfo",
        "hashed_secret": "9cc14f31c3789160c0c6964660696dde3be10d4e",
        "is_verified": false,
        "line_number": 1
      },
      {
        "type": "Hex High Entropy String",
        "filename": "apps/webapp/tsconfig.node.tsbuildinfo",
        "hashed_secret": "9d829ada9799d07e03a2d72ea0ecedd1f10f287e",
        "is_verified": false,
        "line_number": 1
      },
      {
        "type": "Hex High Entropy String",
        "filename": "apps/webapp/tsconfig.node.tsbuildinfo",
        "hashed_secret": "a0a58e54dd2eb5dfab6c80ddc9eb9a535bf0c702",
        "is_verified": false,
        "line_number": 1
      },
      {
        "type": "Hex High Entropy String",
        "filename": "apps/webapp/tsconfig.node.tsbuildinfo",
        "hashed_secret": "a0c2813fc061a2bce7485f9359791c3eb88020b8",
        "is_verified": false,
        "line_number": 1
      },
      {
        "type": "Hex High Entropy String",
        "filename": "apps/webapp/tsconfig.node.tsbuildinfo",
        "hashed_secret": "a1d40402f49ff5a828b1c90163aebb2c79c6f192",
        "is_verified": false,
        "line_number": 1
      },
      {
        "type": "Hex High Entropy String",
        "filename": "apps/webapp/tsconfig.node.tsbuildinfo",
        "hashed_secret": "a1eb73af11a1407211084aa21c5af57b2b657cad",
        "is_verified": false,
        "line_number": 1
      },
      {
        "type": "Hex High Entropy String",
        "filename": "apps/webapp/tsconfig.node.tsbuildinfo",
        "hashed_secret": "a327bc3e05f14a9f32de558b1a5d69ffc75523ba",
        "is_verified": false,
        "line_number": 1
      },
      {
        "type": "Hex High Entropy String",
        "filename": "apps/webapp/tsconfig.node.tsbuildinfo",
        "hashed_secret": "a36ac63cf0da1f097780ee392f65cf8eebf1a49c",
        "is_verified": false,
        "line_number": 1
      },
      {
        "type": "Hex High Entropy String",
        "filename": "apps/webapp/tsconfig.node.tsbuildinfo",
        "hashed_secret": "a60948ed94cfdcd7dd27b642086ffc46ec594342",
        "is_verified": false,
        "line_number": 1
      },
      {
        "type": "Hex High Entropy String",
        "filename": "apps/webapp/tsconfig.node.tsbuildinfo",
        "hashed_secret": "a9dae1baa680b0406f6f53f5aa1f2c2a5a5369bb",
        "is_verified": false,
        "line_number": 1
      },
      {
        "type": "Hex High Entropy String",
        "filename": "apps/webapp/tsconfig.node.tsbuildinfo",
        "hashed_secret": "aa4a9be33ab80ad7da68db5787fe38847a556172",
        "is_verified": false,
        "line_number": 1
      },
      {
        "type": "Hex High Entropy String",
        "filename": "apps/webapp/tsconfig.node.tsbuildinfo",
        "hashed_secret": "ab7409dfb8e1686ec4be412de54b0043cb7c9548",
        "is_verified": false,
        "line_number": 1
      },
      {
        "type": "Hex High Entropy String",
        "filename": "apps/webapp/tsconfig.node.tsbuildinfo",
        "hashed_secret": "ab9d0a8e426765e3b443a0f17bac30fdc0488bbe",
        "is_verified": false,
        "line_number": 1
      },
      {
        "type": "Hex High Entropy String",
        "filename": "apps/webapp/tsconfig.node.tsbuildinfo",
        "hashed_secret": "ac482fc0be95ab51355c793ff3dd66e36d8802fd",
        "is_verified": false,
        "line_number": 1
      },
      {
        "type": "Hex High Entropy String",
        "filename": "apps/webapp/tsconfig.node.tsbuildinfo",
        "hashed_secret": "acee908944d582402b299de76206f4f33cf00b7d",
        "is_verified": false,
        "line_number": 1
      },
      {
        "type": "Hex High Entropy String",
        "filename": "apps/webapp/tsconfig.node.tsbuildinfo",
        "hashed_secret": "af4bf994b8a4db7b039162c448ee18f54f19e43d",
        "is_verified": false,
        "line_number": 1
      },
      {
        "type": "Hex High Entropy String",
        "filename": "apps/webapp/tsconfig.node.tsbuildinfo",
        "hashed_secret": "af6f18563db76ee389732b15ae54708a45723e41",
        "is_verified": false,
        "line_number": 1
      },
      {
        "type": "Hex High Entropy String",
        "filename": "apps/webapp/tsconfig.node.tsbuildinfo",
        "hashed_secret": "af6f57de1e118ac6d5e7885ab33dd8263ec8299e",
        "is_verified": false,
        "line_number": 1
      },
      {
        "type": "Hex High Entropy String",
        "filename": "apps/webapp/tsconfig.node.tsbuildinfo",
        "hashed_secret": "af6ff38d5f864072f6d04121cc50bf789057422c",
        "is_verified": false,
        "line_number": 1
      },
      {
        "type": "Hex High Entropy String",
        "filename": "apps/webapp/tsconfig.node.tsbuildinfo",
        "hashed_secret": "affa2f6882b223ac808615bec984419b53a135a6",
        "is_verified": false,
        "line_number": 1
      },
      {
        "type": "Hex High Entropy String",
        "filename": "apps/webapp/tsconfig.node.tsbuildinfo",
        "hashed_secret": "b0005ece13c2feb680f68fff4453b5ec2e457dbe",
        "is_verified": false,
        "line_number": 1
      },
      {
        "type": "Hex High Entropy String",
        "filename": "apps/webapp/tsconfig.node.tsbuildinfo",
        "hashed_secret": "b1bf5d3b80d718dbfa4cc5c34f5c4108f5cc7327",
        "is_verified": false,
        "line_number": 1
      },
      {
        "type": "Hex High Entropy String",
        "filename": "apps/webapp/tsconfig.node.tsbuildinfo",
        "hashed_secret": "b2d0623ef5d19b9cd35e3dcca449e6fb6e65a230",
        "is_verified": false,
        "line_number": 1
      },
      {
        "type": "Hex High Entropy String",
        "filename": "apps/webapp/tsconfig.node.tsbuildinfo",
        "hashed_secret": "b31d1653dcdd1b2982030f5d131122b5d03e7a74",
        "is_verified": false,
        "line_number": 1
      },
      {
        "type": "Hex High Entropy String",
        "filename": "apps/webapp/tsconfig.node.tsbuildinfo",
        "hashed_secret": "b34ceb45f0ca3c0ee324bec8f5b64e17737dc0cb",
        "is_verified": false,
        "line_number": 1
      },
      {
        "type": "Hex High Entropy String",
        "filename": "apps/webapp/tsconfig.node.tsbuildinfo",
        "hashed_secret": "b3f1e8c9b8136537150b008faeca0ad1071eb98d",
        "is_verified": false,
        "line_number": 1
      },
      {
        "type": "Hex High Entropy String",
        "filename": "apps/webapp/tsconfig.node.tsbuildinfo",
        "hashed_secret": "b46ea62b82e34375946882759d10f3cce13583b6",
        "is_verified": false,
        "line_number": 1
      },
      {
        "type": "Hex High Entropy String",
        "filename": "apps/webapp/tsconfig.node.tsbuildinfo",
        "hashed_secret": "b4771822f3ea726c3349117befd2c23639cb116f",
        "is_verified": false,
        "line_number": 1
      },
      {
        "type": "Hex High Entropy String",
        "filename": "apps/webapp/tsconfig.node.tsbuildinfo",
        "hashed_secret": "b4b3b0cdd408509800e249d044484edcad8dfc24",
        "is_verified": false,
        "line_number": 1
      },
      {
        "type": "Hex High Entropy String",
        "filename": "apps/webapp/tsconfig.node.tsbuildinfo",
        "hashed_secret": "b5480545b59f687317363df222c5862107e3da7f",
        "is_verified": false,
        "line_number": 1
      },
      {
        "type": "Hex High Entropy String",
        "filename": "apps/webapp/tsconfig.node.tsbuildinfo",
        "hashed_secret": "b5ff1842744896daca74908cf1db377120155290",
        "is_verified": false,
        "line_number": 1
      },
      {
        "type": "Hex High Entropy String",
        "filename": "apps/webapp/tsconfig.node.tsbuildinfo",
        "hashed_secret": "b62ed876ef915fd908bfe72ce84c682e0ebc1dc0",
        "is_verified": false,
        "line_number": 1
      },
      {
        "type": "Hex High Entropy String",
        "filename": "apps/webapp/tsconfig.node.tsbuildinfo",
        "hashed_secret": "b7fe76f9d2f3b2da77ca768d8ec619b825c440f4",
        "is_verified": false,
        "line_number": 1
      },
      {
        "type": "Hex High Entropy String",
        "filename": "apps/webapp/tsconfig.node.tsbuildinfo",
        "hashed_secret": "b83c9ab010030ee7cf756093b71aa942884d070e",
        "is_verified": false,
        "line_number": 1
      },
      {
        "type": "Hex High Entropy String",
        "filename": "apps/webapp/tsconfig.node.tsbuildinfo",
        "hashed_secret": "b878f2c75561dec0cf8106d4f6d04767a4444cb3",
        "is_verified": false,
        "line_number": 1
      },
      {
        "type": "Hex High Entropy String",
        "filename": "apps/webapp/tsconfig.node.tsbuildinfo",
        "hashed_secret": "b87ff30ef815086e448d2bb0646749cd58e278e2",
        "is_verified": false,
        "line_number": 1
      },
      {
        "type": "Hex High Entropy String",
        "filename": "apps/webapp/tsconfig.node.tsbuildinfo",
        "hashed_secret": "b8e3e2ff67c82a6f8fd0ab9f6d231515300c600e",
        "is_verified": false,
        "line_number": 1
      },
      {
        "type": "Hex High Entropy String",
        "filename": "apps/webapp/tsconfig.node.tsbuildinfo",
        "hashed_secret": "b903514761f265e7b7d383d0f25c5156ad7c02ad",
        "is_verified": false,
        "line_number": 1
      },
      {
        "type": "Hex High Entropy String",
        "filename": "apps/webapp/tsconfig.node.tsbuildinfo",
        "hashed_secret": "ba66b57279b30ef94d56a12bd86058312cf64644",
        "is_verified": false,
        "line_number": 1
      },
      {
        "type": "Hex High Entropy String",
        "filename": "apps/webapp/tsconfig.node.tsbuildinfo",
        "hashed_secret": "bc66383a245cb9e7966a6d3d74d1ec88240f5a00",
        "is_verified": false,
        "line_number": 1
      },
      {
        "type": "Hex High Entropy String",
        "filename": "apps/webapp/tsconfig.node.tsbuildinfo",
        "hashed_secret": "bc94169d32d4ae79d1cd708109fb30cc725d707c",
        "is_verified": false,
        "line_number": 1
      },
      {
        "type": "Hex High Entropy String",
        "filename": "apps/webapp/tsconfig.node.tsbuildinfo",
        "hashed_secret": "bcc6b2c03cf88119e71a281c7ae1005842a23c69",
        "is_verified": false,
        "line_number": 1
      },
      {
        "type": "Hex High Entropy String",
        "filename": "apps/webapp/tsconfig.node.tsbuildinfo",
        "hashed_secret": "bd6a35b0a9075679e5339198c9e6e8c18af06757",
        "is_verified": false,
        "line_number": 1
      },
      {
        "type": "Hex High Entropy String",
        "filename": "apps/webapp/tsconfig.node.tsbuildinfo",
        "hashed_secret": "bd8f5d70e26680b96b6fab777a12788b303ecaf4",
        "is_verified": false,
        "line_number": 1
      },
      {
        "type": "Hex High Entropy String",
        "filename": "apps/webapp/tsconfig.node.tsbuildinfo",
        "hashed_secret": "bdea355715821059e1e36589228d1bed38b02b42",
        "is_verified": false,
        "line_number": 1
      },
      {
        "type": "Hex High Entropy String",
        "filename": "apps/webapp/tsconfig.node.tsbuildinfo",
        "hashed_secret": "bf74e7336a3c8107a81aad85f3d24a6cf7393858",
        "is_verified": false,
        "line_number": 1
      },
      {
        "type": "Hex High Entropy String",
        "filename": "apps/webapp/tsconfig.node.tsbuildinfo",
        "hashed_secret": "c0a87dcaefedea3018db36f5eec5e96bdb2714fd",
        "is_verified": false,
        "line_number": 1
      },
      {
        "type": "Hex High Entropy String",
        "filename": "apps/webapp/tsconfig.node.tsbuildinfo",
        "hashed_secret": "c2c32aac2119cc6de649a633a0e5f5f7985878d1",
        "is_verified": false,
        "line_number": 1
      },
      {
        "type": "Hex High Entropy String",
        "filename": "apps/webapp/tsconfig.node.tsbuildinfo",
        "hashed_secret": "c39068b9a06784e33a804f712b61b5a3998dd8af",
        "is_verified": false,
        "line_number": 1
      },
      {
        "type": "Hex High Entropy String",
        "filename": "apps/webapp/tsconfig.node.tsbuildinfo",
        "hashed_secret": "c566ef506bb9a8eec0b6c560b63f106f7dd9ff94",
        "is_verified": false,
        "line_number": 1
      },
      {
        "type": "Hex High Entropy String",
        "filename": "apps/webapp/tsconfig.node.tsbuildinfo",
        "hashed_secret": "c64b8b9282ee19d041f4ddf7bd9d2cb20c697d43",
        "is_verified": false,
        "line_number": 1
      },
      {
        "type": "Hex High Entropy String",
        "filename": "apps/webapp/tsconfig.node.tsbuildinfo",
        "hashed_secret": "c671bd5d7d6f0ce5faae9c7dfc2be4766ac4c721",
        "is_verified": false,
        "line_number": 1
      },
      {
        "type": "Hex High Entropy String",
        "filename": "apps/webapp/tsconfig.node.tsbuildinfo",
        "hashed_secret": "c6ba5a6b37f342152350bea1f2050b00064ae08f",
        "is_verified": false,
        "line_number": 1
      },
      {
        "type": "Hex High Entropy String",
        "filename": "apps/webapp/tsconfig.node.tsbuildinfo",
        "hashed_secret": "c855e213f55ae28dfad46bfd6d9b6eb7e968eaea",
        "is_verified": false,
        "line_number": 1
      },
      {
        "type": "Hex High Entropy String",
        "filename": "apps/webapp/tsconfig.node.tsbuildinfo",
        "hashed_secret": "cad39a42aa8dc58b105fe96417f93ce3b5f59667",
        "is_verified": false,
        "line_number": 1
      },
      {
        "type": "Hex High Entropy String",
        "filename": "apps/webapp/tsconfig.node.tsbuildinfo",
        "hashed_secret": "cbe437c29fb50c4a7ab776e6a8880e3acf54a0d0",
        "is_verified": false,
        "line_number": 1
      },
      {
        "type": "Hex High Entropy String",
        "filename": "apps/webapp/tsconfig.node.tsbuildinfo",
        "hashed_secret": "cc680a24d29fe5f111e76cf311a99aa18f66fda4",
        "is_verified": false,
        "line_number": 1
      },
      {
        "type": "Hex High Entropy String",
        "filename": "apps/webapp/tsconfig.node.tsbuildinfo",
        "hashed_secret": "ceb4e80151f07588a373e82d8c3ee76c3b31d871",
        "is_verified": false,
        "line_number": 1
      },
      {
        "type": "Hex High Entropy String",
        "filename": "apps/webapp/tsconfig.node.tsbuildinfo",
        "hashed_secret": "cf2f3c2a7e73a9b56b3703f3833b7ed9e611c4a2",
        "is_verified": false,
        "line_number": 1
      },
      {
        "type": "Hex High Entropy String",
        "filename": "apps/webapp/tsconfig.node.tsbuildinfo",
        "hashed_secret": "d06037c0f62a56d8ea8b489ee0ea5922ab5a879c",
        "is_verified": false,
        "line_number": 1
      },
      {
        "type": "Hex High Entropy String",
        "filename": "apps/webapp/tsconfig.node.tsbuildinfo",
        "hashed_secret": "d0691324b67a9d8346e491806bc990d0fa3584b6",
        "is_verified": false,
        "line_number": 1
      },
      {
        "type": "Hex High Entropy String",
        "filename": "apps/webapp/tsconfig.node.tsbuildinfo",
        "hashed_secret": "d13748ce5ab042764183b2ae0658f3ab5e04e16b",
        "is_verified": false,
        "line_number": 1
      },
      {
        "type": "Hex High Entropy String",
        "filename": "apps/webapp/tsconfig.node.tsbuildinfo",
        "hashed_secret": "d13f919a0fa8888440ff2815c74c36b3f440f2d2",
        "is_verified": false,
        "line_number": 1
      },
      {
        "type": "Hex High Entropy String",
        "filename": "apps/webapp/tsconfig.node.tsbuildinfo",
        "hashed_secret": "d28b0d81a080716fc1932c6a6d06c5ca4b42a0c9",
        "is_verified": false,
        "line_number": 1
      },
      {
        "type": "Hex High Entropy String",
        "filename": "apps/webapp/tsconfig.node.tsbuildinfo",
        "hashed_secret": "d2b70ab8ded79902f337689f3875e19764302d4d",
        "is_verified": false,
        "line_number": 1
      },
      {
        "type": "Hex High Entropy String",
        "filename": "apps/webapp/tsconfig.node.tsbuildinfo",
        "hashed_secret": "d37d1b9b795e1b590b6aa091b8805c9422cf8e67",
        "is_verified": false,
        "line_number": 1
      },
      {
        "type": "Hex High Entropy String",
        "filename": "apps/webapp/tsconfig.node.tsbuildinfo",
        "hashed_secret": "d442aa438bd060ae9e2d0e5a5326235a6939e8c5",
        "is_verified": false,
        "line_number": 1
      },
      {
        "type": "Hex High Entropy String",
        "filename": "apps/webapp/tsconfig.node.tsbuildinfo",
        "hashed_secret": "d455c5c5d92e3e764a3890b3aaa3b0a300a84be2",
        "is_verified": false,
        "line_number": 1
      },
      {
        "type": "Hex High Entropy String",
        "filename": "apps/webapp/tsconfig.node.tsbuildinfo",
        "hashed_secret": "d549a38824e755e0cd95427c6c3240963b8fe960",
        "is_verified": false,
        "line_number": 1
      },
      {
        "type": "Hex High Entropy String",
        "filename": "apps/webapp/tsconfig.node.tsbuildinfo",
        "hashed_secret": "d5d42ce5e8fe16c2f8dac215a0be51980e459c00",
        "is_verified": false,
        "line_number": 1
      },
      {
        "type": "Hex High Entropy String",
        "filename": "apps/webapp/tsconfig.node.tsbuildinfo",
        "hashed_secret": "da8f7b87eedb12488217e9bc0696136971294650",
        "is_verified": false,
        "line_number": 1
      },
      {
        "type": "Hex High Entropy String",
        "filename": "apps/webapp/tsconfig.node.tsbuildinfo",
        "hashed_secret": "db4752a8660272171f1989cb3fafebc45a1c36db",
        "is_verified": false,
        "line_number": 1
      },
      {
        "type": "Hex High Entropy String",
        "filename": "apps/webapp/tsconfig.node.tsbuildinfo",
        "hashed_secret": "db644d05bc5a1617907c6eed6cc4dcbe01f21dc9",
        "is_verified": false,
        "line_number": 1
      },
      {
        "type": "Hex High Entropy String",
        "filename": "apps/webapp/tsconfig.node.tsbuildinfo",
        "hashed_secret": "db92291c393c0736ecc72aae8c35684187022305",
        "is_verified": false,
        "line_number": 1
      },
      {
        "type": "Hex High Entropy String",
        "filename": "apps/webapp/tsconfig.node.tsbuildinfo",
        "hashed_secret": "dc8ba48749087c81aaa54b978f933ce46723c0da",
        "is_verified": false,
        "line_number": 1
      },
      {
        "type": "Hex High Entropy String",
        "filename": "apps/webapp/tsconfig.node.tsbuildinfo",
        "hashed_secret": "dd3de740871ee9282ba854680aa6f28e9b0a97e5",
        "is_verified": false,
        "line_number": 1
      },
      {
        "type": "Hex High Entropy String",
        "filename": "apps/webapp/tsconfig.node.tsbuildinfo",
        "hashed_secret": "ddeb7a0265d9ed654fb1c0a5470c78950bd37555",
        "is_verified": false,
        "line_number": 1
      },
      {
        "type": "Hex High Entropy String",
        "filename": "apps/webapp/tsconfig.node.tsbuildinfo",
        "hashed_secret": "de72fc8dc4ffc0cd09d88e0839d02ef98963d486",
        "is_verified": false,
        "line_number": 1
      },
      {
        "type": "Hex High Entropy String",
        "filename": "apps/webapp/tsconfig.node.tsbuildinfo",
        "hashed_secret": "deaf2e88e768457620e574f15d00d0d4710642a1",
        "is_verified": false,
        "line_number": 1
      },
      {
        "type": "Hex High Entropy String",
        "filename": "apps/webapp/tsconfig.node.tsbuildinfo",
        "hashed_secret": "dee4f17017b87e295ab0500b1e47a47a22f19080",
        "is_verified": false,
        "line_number": 1
      },
      {
        "type": "Hex High Entropy String",
        "filename": "apps/webapp/tsconfig.node.tsbuildinfo",
        "hashed_secret": "e175230f5fc3a9371112c730902dab59e7022d1b",
        "is_verified": false,
        "line_number": 1
      },
      {
        "type": "Hex High Entropy String",
        "filename": "apps/webapp/tsconfig.node.tsbuildinfo",
        "hashed_secret": "e18f58ef8937f36333e819f93786cc9533400501",
        "is_verified": false,
        "line_number": 1
      },
      {
        "type": "Hex High Entropy String",
        "filename": "apps/webapp/tsconfig.node.tsbuildinfo",
        "hashed_secret": "e1e2181dcc2f8a26cc755c5127da2f29d899f941",
        "is_verified": false,
        "line_number": 1
      },
      {
        "type": "Hex High Entropy String",
        "filename": "apps/webapp/tsconfig.node.tsbuildinfo",
        "hashed_secret": "e2875500ed5b80591408463b285d1f4083051769",
        "is_verified": false,
        "line_number": 1
      },
      {
        "type": "Hex High Entropy String",
        "filename": "apps/webapp/tsconfig.node.tsbuildinfo",
        "hashed_secret": "e41c4916e9bab2d8e513f1ba3ef1d0708b625dcf",
        "is_verified": false,
        "line_number": 1
      },
      {
        "type": "Hex High Entropy String",
        "filename": "apps/webapp/tsconfig.node.tsbuildinfo",
        "hashed_secret": "e67bc62e436b83f8f84d4dbfe23b4127712df7ce",
        "is_verified": false,
        "line_number": 1
      },
      {
        "type": "Hex High Entropy String",
        "filename": "apps/webapp/tsconfig.node.tsbuildinfo",
        "hashed_secret": "e6df97ec89a0c31206b6731ff8cc1c2cd050ce3c",
        "is_verified": false,
        "line_number": 1
      },
      {
        "type": "Hex High Entropy String",
        "filename": "apps/webapp/tsconfig.node.tsbuildinfo",
        "hashed_secret": "e7aa17c0234780601cc501dc9eef04092eeff1bb",
        "is_verified": false,
        "line_number": 1
      },
      {
        "type": "Hex High Entropy String",
        "filename": "apps/webapp/tsconfig.node.tsbuildinfo",
        "hashed_secret": "e7edcc5943fba41deaa93a560143d22c5d83cfee",
        "is_verified": false,
        "line_number": 1
      },
      {
        "type": "Hex High Entropy String",
        "filename": "apps/webapp/tsconfig.node.tsbuildinfo",
        "hashed_secret": "e9992a76cd18c54be642111ea8b5a04f08cb29e7",
        "is_verified": false,
        "line_number": 1
      },
      {
        "type": "Hex High Entropy String",
        "filename": "apps/webapp/tsconfig.node.tsbuildinfo",
        "hashed_secret": "eb2bbb021bc0bec6679d17b8bca24c7f45fb8d67",
        "is_verified": false,
        "line_number": 1
      },
      {
        "type": "Hex High Entropy String",
        "filename": "apps/webapp/tsconfig.node.tsbuildinfo",
        "hashed_secret": "ec4348d05bc88218a569dfd639b20347af5cc1dd",
        "is_verified": false,
        "line_number": 1
      },
      {
        "type": "Hex High Entropy String",
        "filename": "apps/webapp/tsconfig.node.tsbuildinfo",
        "hashed_secret": "ec94da23442cdf246a8eaa22d64dd2f7af6415b3",
        "is_verified": false,
        "line_number": 1
      },
      {
        "type": "Hex High Entropy String",
        "filename": "apps/webapp/tsconfig.node.tsbuildinfo",
        "hashed_secret": "ec9bc1f420e7b146afcf98c97eb1fc9b82c501ed",
        "is_verified": false,
        "line_number": 1
      },
      {
        "type": "Hex High Entropy String",
        "filename": "apps/webapp/tsconfig.node.tsbuildinfo",
        "hashed_secret": "ee0ab41a2a5d10fc46cd126b9449789251380ac6",
        "is_verified": false,
        "line_number": 1
      },
      {
        "type": "Hex High Entropy String",
        "filename": "apps/webapp/tsconfig.node.tsbuildinfo",
        "hashed_secret": "eeace60c64f15db05250599b08b71733968bbe9d",
        "is_verified": false,
        "line_number": 1
      },
      {
        "type": "Hex High Entropy String",
        "filename": "apps/webapp/tsconfig.node.tsbuildinfo",
        "hashed_secret": "ef697af100af62ccb5ca886295cb4dae2035eee8",
        "is_verified": false,
        "line_number": 1
      },
      {
        "type": "Hex High Entropy String",
        "filename": "apps/webapp/tsconfig.node.tsbuildinfo",
        "hashed_secret": "f06ef41fb55c71bcdf470f1aa801f348a3bce8fd",
        "is_verified": false,
        "line_number": 1
      },
      {
        "type": "Hex High Entropy String",
        "filename": "apps/webapp/tsconfig.node.tsbuildinfo",
        "hashed_secret": "f091d29997a4cc43c1c705f4ef3d819072893aad",
        "is_verified": false,
        "line_number": 1
      },
      {
        "type": "Hex High Entropy String",
        "filename": "apps/webapp/tsconfig.node.tsbuildinfo",
        "hashed_secret": "f12dc36eba9db4fce6cfc3c21ac38b269507c769",
        "is_verified": false,
        "line_number": 1
      },
      {
        "type": "Hex High Entropy String",
        "filename": "apps/webapp/tsconfig.node.tsbuildinfo",
        "hashed_secret": "f1f8296024401ed43373b40dec0c2db322e956a6",
        "is_verified": false,
        "line_number": 1
      },
      {
        "type": "Hex High Entropy String",
        "filename": "apps/webapp/tsconfig.node.tsbuildinfo",
        "hashed_secret": "f3788da171e5408fb988e8c75ebd13803d32d979",
        "is_verified": false,
        "line_number": 1
      },
      {
        "type": "Hex High Entropy String",
        "filename": "apps/webapp/tsconfig.node.tsbuildinfo",
        "hashed_secret": "f3aa78310ae11d40a9eb3b3feb4fa6fcc9dcb822",
        "is_verified": false,
        "line_number": 1
      },
      {
        "type": "Hex High Entropy String",
        "filename": "apps/webapp/tsconfig.node.tsbuildinfo",
        "hashed_secret": "f4714f1c205b3b06e45ac4e8bb744d85da439695",
        "is_verified": false,
        "line_number": 1
      },
      {
        "type": "Hex High Entropy String",
        "filename": "apps/webapp/tsconfig.node.tsbuildinfo",
        "hashed_secret": "f4b437669490fa00930e2ad535b0b4fa3e58475b",
        "is_verified": false,
        "line_number": 1
      },
      {
        "type": "Hex High Entropy String",
        "filename": "apps/webapp/tsconfig.node.tsbuildinfo",
        "hashed_secret": "f61fe4d99e391726340ab5f424ce426696342638",
        "is_verified": false,
        "line_number": 1
      },
      {
        "type": "Hex High Entropy String",
        "filename": "apps/webapp/tsconfig.node.tsbuildinfo",
        "hashed_secret": "f6702cd667dc77e5165267a2f95268a9dd808f9e",
        "is_verified": false,
        "line_number": 1
      },
      {
        "type": "Hex High Entropy String",
        "filename": "apps/webapp/tsconfig.node.tsbuildinfo",
        "hashed_secret": "f69f96771e3ed6a1bdd4a8e49faa729a6b18bea3",
        "is_verified": false,
        "line_number": 1
      },
      {
        "type": "Hex High Entropy String",
        "filename": "apps/webapp/tsconfig.node.tsbuildinfo",
        "hashed_secret": "f6aa7e132933efe3c771308b703032de1743c52d",
        "is_verified": false,
        "line_number": 1
      },
      {
        "type": "Hex High Entropy String",
        "filename": "apps/webapp/tsconfig.node.tsbuildinfo",
        "hashed_secret": "f6d3f95de8355481a053e191d0546e1070dce5c4",
        "is_verified": false,
        "line_number": 1
      },
      {
        "type": "Hex High Entropy String",
        "filename": "apps/webapp/tsconfig.node.tsbuildinfo",
        "hashed_secret": "f7850a3e4c1408d3bdd98a4f86c0ceb0d163eaeb",
        "is_verified": false,
        "line_number": 1
      },
      {
        "type": "Hex High Entropy String",
        "filename": "apps/webapp/tsconfig.node.tsbuildinfo",
        "hashed_secret": "f87bf8eae8f4ace9bb9c27d179fabbd3c18810ec",
        "is_verified": false,
        "line_number": 1
      },
      {
        "type": "Hex High Entropy String",
        "filename": "apps/webapp/tsconfig.node.tsbuildinfo",
        "hashed_secret": "fa244488ad00d34aa98d1b2e9aa99ea9304aac58",
        "is_verified": false,
        "line_number": 1
      },
      {
        "type": "Hex High Entropy String",
        "filename": "apps/webapp/tsconfig.node.tsbuildinfo",
        "hashed_secret": "fb5edca5ec54963e720da9d5145b280a74d2499f",
        "is_verified": false,
        "line_number": 1
      },
      {
        "type": "Hex High Entropy String",
        "filename": "apps/webapp/tsconfig.node.tsbuildinfo",
        "hashed_secret": "fcb50f16f8143e0e1b2e5d3af4fa30abb80a72ee",
        "is_verified": false,
        "line_number": 1
      },
      {
        "type": "Hex High Entropy String",
        "filename": "apps/webapp/tsconfig.node.tsbuildinfo",
        "hashed_secret": "fdaf05cca8ced315fa422a3d294b57136a1dfa22",
        "is_verified": false,
        "line_number": 1
      },
      {
        "type": "Hex High Entropy String",
        "filename": "apps/webapp/tsconfig.node.tsbuildinfo",
        "hashed_secret": "fdc5f7de5157eebf46ce546ee452816ddcd75be3",
        "is_verified": false,
        "line_number": 1
      },
      {
        "type": "Hex High Entropy String",
        "filename": "apps/webapp/tsconfig.node.tsbuildinfo",
        "hashed_secret": "fdd895f2dbbf0c1bd3a77d4b0abc12a1c468eca6",
        "is_verified": false,
        "line_number": 1
      },
      {
        "type": "Hex High Entropy String",
        "filename": "apps/webapp/tsconfig.node.tsbuildinfo",
        "hashed_secret": "fde5d54881eaf699cf072987cf42032f2965093d",
        "is_verified": false,
        "line_number": 1
      },
      {
        "type": "Hex High Entropy String",
        "filename": "apps/webapp/tsconfig.node.tsbuildinfo",
        "hashed_secret": "fe4906b234b9be10bb4a49cfae3a67ebf1cba54d",
        "is_verified": false,
        "line_number": 1
      },
      {
        "type": "Hex High Entropy String",
        "filename": "apps/webapp/tsconfig.node.tsbuildinfo",
        "hashed_secret": "ff015247009bc814214bd1f853c00b51334909c8",
        "is_verified": false,
        "line_number": 1
      },
      {
        "type": "Hex High Entropy String",
        "filename": "apps/webapp/tsconfig.node.tsbuildinfo",
        "hashed_secret": "ffff8e5aa0f1a4437c40b37a68aea8422bbe86d7",
        "is_verified": false,
        "line_number": 1
      }
    ],
    "cloud-vault-mcp/run_mcp.py": [
      {
        "type": "Hex High Entropy String",
        "filename": "cloud-vault-mcp/run_mcp.py",
        "hashed_secret": "419618430c4e62df4482c8f53e93abe3d90cbc03",
        "is_verified": false,
        "line_number": 9
      },
      {
        "type": "Secret Keyword",
        "filename": "cloud-vault-mcp/run_mcp.py",
        "hashed_secret": "419618430c4e62df4482c8f53e93abe3d90cbc03",
        "is_verified": false,
        "line_number": 9
      }
    ],
    "cloud-vault-mcp/src/mcp_server/config.py": [
      {
        "type": "Base64 High Entropy String",
        "filename": "cloud-vault-mcp/src/mcp_server/config.py",
        "hashed_secret": "1996f503184bcbf9fa20902e0ee9d402c90e3047",
        "is_verified": false,
        "line_number": 43
      }
    ],
    "docs/connect_claude_ai_custom_connector.md": [
      {
        "type": "Secret Keyword",
        "filename": "docs/connect_claude_ai_custom_connector.md",
        "hashed_secret": "f2217df4ec11be22d106014d73ca063b33312963",
        "is_verified": false,
        "line_number": 42
      }
    ],
    "docs/ngrok_ai_gateway_integration.md": [
      {
        "type": "Secret Keyword",
        "filename": "docs/ngrok_ai_gateway_integration.md",
        "hashed_secret": "f2217df4ec11be22d106014d73ca063b33312963",
        "is_verified": false,
        "line_number": 38
      },
      {
        "type": "Secret Keyword",
        "filename": "docs/ngrok_ai_gateway_integration.md",
        "hashed_secret": "a166f8bf564259f14b3bd7d8e1de89ce48272b89",
        "is_verified": false,
        "line_number": 49
      },
      {
        "type": "Secret Keyword",
        "filename": "docs/ngrok_ai_gateway_integration.md",
        "hashed_secret": "11fa7c37d697f30e6aee828b4426a10f83ab2380",
        "is_verified": false,
        "line_number": 255
      },
      {
        "type": "Secret Keyword",
        "filename": "docs/ngrok_ai_gateway_integration.md",
        "hashed_secret": "6d9c68c603e465077bdd49c62347fe54717f83a3",
        "is_verified": false,
        "line_number": 438
      }
    ],
    "docs/session-40-sprint/CLAUDE_AI_QUICK_START.md": [
      {
        "type": "Secret Keyword",
        "filename": "docs/session-40-sprint/CLAUDE_AI_QUICK_START.md",
        "hashed_secret": "f2217df4ec11be22d106014d73ca063b33312963",
        "is_verified": false,
        "line_number": 17
      }
    ],
    "docs/session-40-sprint/CREDENTIAL_MANAGEMENT_PROCEDURES.md": [
      {
        "type": "Secret Keyword",
        "filename": "docs/session-40-sprint/CREDENTIAL_MANAGEMENT_PROCEDURES.md",
        "hashed_secret": "a302415abd295baf727002203610b3f0c8729ba2",
        "is_verified": false,
        "line_number": 25
      },
      {
        "type": "Secret Keyword",
        "filename": "docs/session-40-sprint/CREDENTIAL_MANAGEMENT_PROCEDURES.md",
        "hashed_secret": "c7d22c22c6101bbc7bd3c53db31027baf180cb03",
        "is_verified": false,
        "line_number": 49
      },
      {
        "type": "Secret Keyword",
        "filename": "docs/session-40-sprint/CREDENTIAL_MANAGEMENT_PROCEDURES.md",
        "hashed_secret": "69c90ba393c959f5f384c68ac61151b804c9bf11",
        "is_verified": false,
        "line_number": 481
      },
      {
        "type": "Secret Keyword",
        "filename": "docs/session-40-sprint/CREDENTIAL_MANAGEMENT_PROCEDURES.md",
        "hashed_secret": "8715b2ee27711756e914c44a0db1bf9583fc2c47",
        "is_verified": false,
        "line_number": 488
      },
      {
        "type": "Secret Keyword",
        "filename": "docs/session-40-sprint/CREDENTIAL_MANAGEMENT_PROCEDURES.md",
        "hashed_secret": "7cc91f76721b04ef6fd32a6ffa79da47ffa26fdf",
        "is_verified": false,
        "line_number": 489
      },
      {
        "type": "Secret Keyword",
        "filename": "docs/session-40-sprint/CREDENTIAL_MANAGEMENT_PROCEDURES.md",
        "hashed_secret": "a8253456364f1bfc7da7ae4a1db5b45d106317a5",
        "is_verified": false,
        "line_number": 495
      },
      {
        "type": "Secret Keyword",
        "filename": "docs/session-40-sprint/CREDENTIAL_MANAGEMENT_PROCEDURES.md",
        "hashed_secret": "c30c2b661f287c17694f00405ba79dbbb7331205",
        "is_verified": false,
        "line_number": 496
      }
    ],
    "docs/session-40-sprint/INCIDENT_RESPONSE_RUNBOOK.md": [
      {
        "type": "Secret Keyword",
        "filename": "docs/session-40-sprint/INCIDENT_RESPONSE_RUNBOOK.md",
        "hashed_secret": "4084cee9e75572b8e2e055e114ea7458e3978b5b",
        "is_verified": false,
        "line_number": 55
      },
      {
        "type": "Secret Keyword",
        "filename": "docs/session-40-sprint/INCIDENT_RESPONSE_RUNBOOK.md",
        "hashed_secret": "1e6baa6df133c652d7ba7d79a900fc037a5bb4cf",
        "is_verified": false,
        "line_number": 104
      }
    ],
    "docs/session-40-sprint/NGROK_INTEGRATION_SUMMARY.md": [
      {
        "type": "Secret Keyword",
        "filename": "docs/session-40-sprint/NGROK_INTEGRATION_SUMMARY.md",
        "hashed_secret": "6d9c68c603e465077bdd49c62347fe54717f83a3",
        "is_verified": false,
        "line_number": 56
      },
      {
        "type": "Secret Keyword",
        "filename": "docs/session-40-sprint/NGROK_INTEGRATION_SUMMARY.md",
        "hashed_secret": "f2217df4ec11be22d106014d73ca063b33312963",
        "is_verified": false,
        "line_number": 323
      },
      {
        "type": "Secret Keyword",
        "filename": "docs/session-40-sprint/NGROK_INTEGRATION_SUMMARY.md",
        "hashed_secret": "a166f8bf564259f14b3bd7d8e1de89ce48272b89",
        "is_verified": false,
        "line_number": 333
      }
    ],
    "docs/session-40-sprint/NGROK_QUICK_REFERENCE.md": [
      {
        "type": "Secret Keyword",
        "filename": "docs/session-40-sprint/NGROK_QUICK_REFERENCE.md",
        "hashed_secret": "f2217df4ec11be22d106014d73ca063b33312963",
        "is_verified": false,
        "line_number": 14
      },
      {
        "type": "Secret Keyword",
        "filename": "docs/session-40-sprint/NGROK_QUICK_REFERENCE.md",
        "hashed_secret": "a166f8bf564259f14b3bd7d8e1de89ce48272b89",
        "is_verified": false,
        "line_number": 28
      }
    ],
    "docs/session-40-sprint/SECRETS_BEST_PRACTICES.md": [
      {
        "type": "Secret Keyword",
        "filename": "docs/session-40-sprint/SECRETS_BEST_PRACTICES.md",
        "hashed_secret": "96cdf64f7827b74d086712e064f55e800967cf7c",
        "is_verified": false,
        "line_number": 28
      },
      {
        "type": "Basic Auth Credentials",
        "filename": "docs/session-40-sprint/SECRETS_BEST_PRACTICES.md",
        "hashed_secret": "9d4e1e23bd5b727046a9e3b4b7db57bd8d6ee684",
        "is_verified": false,
        "line_number": 58
      },
      {
        "type": "Secret Keyword",
        "filename": "docs/session-40-sprint/SECRETS_BEST_PRACTICES.md",
        "hashed_secret": "c4e2f9311369460f7302b54d50356a86adc87f97",
        "is_verified": false,
        "line_number": 106
      },
      {
        "type": "Basic Auth Credentials",
        "filename": "docs/session-40-sprint/SECRETS_BEST_PRACTICES.md",
        "hashed_secret": "5baa61e4c9b93f3f0682250b6cf8331b7ee68fd8",
        "is_verified": false,
        "line_number": 283
      },
      {
        "type": "Secret Keyword",
        "filename": "docs/session-40-sprint/SECRETS_BEST_PRACTICES.md",
        "hashed_secret": "7e3048fb2095cf720c00584bed31dd35d7eebf9f",
        "is_verified": false,
        "line_number": 354
      },
      {
        "type": "Secret Keyword",
        "filename": "docs/session-40-sprint/SECRETS_BEST_PRACTICES.md",
        "hashed_secret": "5a0aee0f3af308cd6d74d617fde6592c2bc94fa3",
        "is_verified": false,
        "line_number": 355
      }
    ],
    "docs/session-40-sprint/SECURITY_AUDIT_TASK_26.md": [
      {
        "type": "Secret Keyword",
        "filename": "docs/session-40-sprint/SECURITY_AUDIT_TASK_26.md",
        "hashed_secret": "0a38b2513b90a0ad1f6fb988390d7831fed60fd7",
        "is_verified": false,
        "line_number": 200
      }
    ],
    "notebooks/marimo/ASCENSION_REACTIVE.py": [
      {
        "type": "Secret Keyword",
        "filename": "notebooks/marimo/ASCENSION_REACTIVE.py",
        "hashed_secret": "dc76e9f0c0006e8f919e0c515c66dbba3982f785",
        "is_verified": false,
        "line_number": 50
      }
    ],
    "research/challenges/anthropic_challenge/available_models.json": [
      {
        "type": "Hex High Entropy String",
        "filename": "research/challenges/anthropic_challenge/available_models.json",
        "hashed_secret": "15ea88cd25bdce01d299002ce918ce69f39cda16",
        "is_verified": false,
        "line_number": 1
      },
      {
        "type": "Hex High Entropy String",
        "filename": "research/challenges/anthropic_challenge/available_models.json",
        "hashed_secret": "1905b7a9df11c2386a5fe3b0009eadaf8baa64b2",
        "is_verified": false,
        "line_number": 1
      },
      {
        "type": "Hex High Entropy String",
        "filename": "research/challenges/anthropic_challenge/available_models.json",
        "hashed_secret": "1e583ef199b2ca7446d8828f8a87b3667f2f41eb",
        "is_verified": false,
        "line_number": 1
      },
      {
        "type": "Hex High Entropy String",
        "filename": "research/challenges/anthropic_challenge/available_models.json",
        "hashed_secret": "35079b09eb39f85bdcf90f94d428143804295445",
        "is_verified": false,
        "line_number": 1
      },
      {
        "type": "Hex High Entropy String",
        "filename": "research/challenges/anthropic_challenge/available_models.json",
        "hashed_secret": "37c2346856fc2b9c46ea230080ed9d54ba462ce7",
        "is_verified": false,
        "line_number": 1
      },
      {
        "type": "Hex High Entropy String",
        "filename": "research/challenges/anthropic_challenge/available_models.json",
        "hashed_secret": "43c5751f2a05934cb3c7496d4cf09587fa2dcee1",
        "is_verified": false,
        "line_number": 1
      },
      {
        "type": "Hex High Entropy String",
        "filename": "research/challenges/anthropic_challenge/available_models.json",
        "hashed_secret": "446e3a8ad30c9b4c56a36cf8867f86c0234f4c15",
        "is_verified": false,
        "line_number": 1
      },
      {
        "type": "Hex High Entropy String",
        "filename": "research/challenges/anthropic_challenge/available_models.json",
        "hashed_secret": "4553ddb2e0ea448fcd79762a4b021d551df37938",
        "is_verified": false,
        "line_number": 1
      },
      {
        "type": "Hex High Entropy String",
        "filename": "research/challenges/anthropic_challenge/available_models.json",
        "hashed_secret": "514de16f6f14163b067659923f9557cb9cf1cfa1",
        "is_verified": false,
        "line_number": 1
      },
      {
        "type": "Hex High Entropy String",
        "filename": "research/challenges/anthropic_challenge/available_models.json",
        "hashed_secret": "5de75314238f02a22e675b1752d655951f3479b3",
        "is_verified": false,
        "line_number": 1
      },
      {
        "type": "Hex High Entropy String",
        "filename": "research/challenges/anthropic_challenge/available_models.json",
        "hashed_secret": "73fe21646d57720fa9acf9ebc040945608572a56",
        "is_verified": false,
        "line_number": 1
      },
      {
        "type": "Hex High Entropy String",
        "filename": "research/challenges/anthropic_challenge/available_models.json",
        "hashed_secret": "b3d98422ab1eecab0923cd5783fe31e88d3ef508",
        "is_verified": false,
        "line_number": 1
      },
      {
        "type": "Hex High Entropy String",
        "filename": "research/challenges/anthropic_challenge/available_models.json",
        "hashed_secret": "b56528de04656935a37f76a7dbb00571aef45585",
        "is_verified": false,
        "line_number": 1
      },
      {
        "type": "Hex High Entropy String",
        "filename": "research/challenges/anthropic_challenge/available_models.json",
        "hashed_secret": "dd6b899d7603b8c2b7686685593d33f9b6597e0a",
        "is_verified": false,
        "line_number": 1
      },
      {
        "type": "Hex High Entropy String",
        "filename": "research/challenges/anthropic_challenge/available_models.json",
        "hashed_secret": "ee8b8f9aa355dc8e2f85e24b78d3e0b0aac6bbd0",
        "is_verified": false,
        "line_number": 1
      },
      {
        "type": "Hex High Entropy String",
        "filename": "research/challenges/anthropic_challenge/available_models.json",
        "hashed_secret": "ef9ea9e997b8fc38310d02069f711b2f6433ff6f",
        "is_verified": false,
        "line_number": 1
      }
    ],
    "scripts/example_compound_execution.py": [
      {
        "type": "Secret Keyword",
        "filename": "scripts/example_compound_execution.py",
        "hashed_secret": "3acfb2c2b433c0ea7ff107e33df91b18e52f960f",
        "is_verified": false,
        "line_number": 72
      }
    ],
    "scripts/example_ngrok_integration.py": [
      {
        "type": "Secret Keyword",
        "filename": "scripts/example_ngrok_integration.py",
        "hashed_secret": "a166f8bf564259f14b3bd7d8e1de89ce48272b89",
        "is_verified": false,
        "line_number": 14
      },
      {
        "type": "Secret Keyword",
        "filename": "scripts/example_ngrok_integration.py",
        "hashed_secret": "11fa7c37d697f30e6aee828b4426a10f83ab2380",
        "is_verified": false,
        "line_number": 287
      }
    ],
    "scripts/migrate_jsonl_to_surreal.py": [
      {
        "type": "Secret Keyword",
        "filename": "scripts/migrate_jsonl_to_surreal.py",
        "hashed_secret": "dc76e9f0c0006e8f919e0c515c66dbba3982f785",
        "is_verified": false,
        "line_number": 36
      }
    ],
    "src/cohezion/core/persistence/query_patterns.py": [
      {
        "type": "Secret Keyword",
        "filename": "src/cohezion/core/persistence/query_patterns.py",
        "hashed_secret": "dc76e9f0c0006e8f919e0c515c66dbba3982f785",
        "is_verified": false,
        "line_number": 8
      }
    ],
    "src/cohezion/core/persistence/surreal_client.py": [
      {
        "type": "Secret Keyword",
        "filename": "src/cohezion/core/persistence/surreal_client.py",
        "hashed_secret": "dc76e9f0c0006e8f919e0c515c66dbba3982f785",
        "is_verified": false,
        "line_number": 289
      }
    ],
    "src/cohezion/gateway/ngrok_adapter.py": [
      {
        "type": "Secret Keyword",
        "filename": "src/cohezion/gateway/ngrok_adapter.py",
        "hashed_secret": "a166f8bf564259f14b3bd7d8e1de89ce48272b89",
        "is_verified": false,
        "line_number": 21
      }
    ],
    "src/cohezion/security/attack_patterns.py": [
      {
        "type": "Base64 High Entropy String",
        "filename": "src/cohezion/security/attack_patterns.py",
        "hashed_secret": "ca736de6ec4a25e542321cdedf5dcef014cb8bff",
        "is_verified": false,
        "line_number": 234
      },
      {
        "type": "Secret Keyword",
        "filename": "src/cohezion/security/attack_patterns.py",
        "hashed_secret": "e812ba8d00b270ef3502bb53ceb31e8c5188f14e",
        "is_verified": false,
        "line_number": 519
      }
    ],
    "src/cohezion/skills/DATABASE_PRIME.md": [
      {
        "type": "Basic Auth Credentials",
        "filename": "src/cohezion/skills/DATABASE_PRIME.md",
        "hashed_secret": "9d4e1e23bd5b727046a9e3b4b7db57bd8d6ee684",
        "is_verified": false,
        "line_number": 72
      }
    ],
    "src/cohezion/skills/async_workflow.md": [
      {
        "type": "Secret Keyword",
        "filename": "src/cohezion/skills/async_workflow.md",
        "hashed_secret": "5a21585c3dfc2797afe4634fa150d996f4ef5b5e",
        "is_verified": false,
        "line_number": 24
      }
    ],
    "src/cohezion/swarm/token_client.py": [
      {
        "type": "Secret Keyword",
        "filename": "src/cohezion/swarm/token_client.py",
        "hashed_secret": "6d9c68c603e465077bdd49c62347fe54717f83a3",
        "is_verified": false,
        "line_number": 153
      }
    ],
    "tests/core/test_context_engineering_mcp.py": [
      {
        "type": "Secret Keyword",
        "filename": "tests/core/test_context_engineering_mcp.py",
        "hashed_secret": "2e7a7ee14caebf378fc32d6cf6f557f347c96773",
        "is_verified": false,
        "line_number": 49
      },
      {
        "type": "Secret Keyword",
        "filename": "tests/core/test_context_engineering_mcp.py",
        "hashed_secret": "3acfb2c2b433c0ea7ff107e33df91b18e52f960f",
        "is_verified": false,
        "line_number": 295
      },
      {
        "type": "Secret Keyword",
        "filename": "tests/core/test_context_engineering_mcp.py",
        "hashed_secret": "024d5ff7ec1b02f27df742b49246850a847acc8f",
        "is_verified": false,
        "line_number": 474
      }
    ],
    "tests/core/test_vault_subscription.py": [
      {
        "type": "Secret Keyword",
        "filename": "tests/core/test_vault_subscription.py",
        "hashed_secret": "e5e9fa1ba31ecd1ae84f75caaa474f3a663f05f4",
        "is_verified": false,
        "line_number": 183
      }
    ],
    "tests/gateway/test_ngrok_adapter.py": [
      {
        "type": "Secret Keyword",
        "filename": "tests/gateway/test_ngrok_adapter.py",
        "hashed_secret": "3acfb2c2b433c0ea7ff107e33df91b18e52f960f",
        "is_verified": false,
        "line_number": 34
      },
      {
        "type": "Secret Keyword",
        "filename": "tests/gateway/test_ngrok_adapter.py",
        "hashed_secret": "bea2f7b64fab8d1d414d0449530b1e088d36d5b1",
        "is_verified": false,
        "line_number": 311
      }
    ],
    "tests/security/test_api_key_auth.py": [
      {
        "type": "Secret Keyword",
        "filename": "tests/security/test_api_key_auth.py",
        "hashed_secret": "74ba31d41223751c75cc0a453dd7df04889bdc72",
        "is_verified": false,
        "line_number": 25
      }
    ],
    "tests/security/test_log_redactor.py": [
      {
        "type": "JSON Web Token",
        "filename": "tests/security/test_log_redactor.py",
        "hashed_secret": "d6b66ddd9ea7dbe760114bfe9a97352a5e139134",
        "is_verified": false,
        "line_number": 78
      },
      {
        "type": "Secret Keyword",
        "filename": "tests/security/test_log_redactor.py",
        "hashed_secret": "e9fe51f94eadabf54dbf2fbbd57188b9abee436e",
        "is_verified": false,
        "line_number": 117
      },
      {
        "type": "Hex High Entropy String",
        "filename": "tests/security/test_log_redactor.py",
        "hashed_secret": "90bd1b48e958257948487b90bee080ba5ed00caa",
        "is_verified": false,
        "line_number": 134
      },
      {
        "type": "Secret Keyword",
        "filename": "tests/security/test_log_redactor.py",
        "hashed_secret": "f2b14f68eb995facb3a1c35287b778d5bd785511",
        "is_verified": false,
        "line_number": 175
      }
    ],
    "tests/vitrification/manifest.json": [
      {
        "type": "Hex High Entropy String",
        "filename": "tests/vitrification/manifest.json",
        "hashed_secret": "77eaa54907d21562fbcf57925f6d9a47b892d976",
        "is_verified": false,
        "line_number": 2
      },
      {
        "type": "Hex High Entropy String",
        "filename": "tests/vitrification/manifest.json",
        "hashed_secret": "3253956f81435d9e83ff1aa98459811d95321180",
        "is_verified": false,
        "line_number": 3
      }
    ]
  },
  "generated_at": "2026-02-09T20:40:16Z"
}
